26-06-02 14:41:45.105 [background-preinit] INFO  o.h.validator.internal.util.Version - HV000001: Hibernate Validator 8.0.3.Final
26-06-02 14:41:45.174 [main] INFO  c.s.m.discodeit.DiscodeitApplication - Starting DiscodeitApplication using Java 17.0.17 with PID 14872 (C:\Users\dev\IdeaProjects\pro\9-sprint-mission\discodeit\build\classes\java\main started by dev in C:\Users\dev\IdeaProjects\pro\9-sprint-mission\discodeit)
26-06-02 14:41:45.175 [main] INFO  c.s.m.discodeit.DiscodeitApplication - The following 1 profile is active: "dev"
26-06-02 14:41:47.773 [main] INFO  o.s.d.r.c.RepositoryConfigurationDelegate - Bootstrapping Spring Data JPA repositories in DEFAULT mode.
26-06-02 14:41:47.862 [main] INFO  o.s.d.r.c.RepositoryConfigurationDelegate - Finished Spring Data repository scanning in 79 ms. Found 6 JPA repository interfaces.
26-06-02 14:41:48.714 [main] INFO  o.s.b.w.e.tomcat.TomcatWebServer - Tomcat initialized with port 8080 (http)
26-06-02 14:41:48.729 [main] INFO  o.a.coyote.http11.Http11NioProtocol - Initializing ProtocolHandler ["http-nio-8080"]
26-06-02 14:41:48.731 [main] INFO  o.a.catalina.core.StandardService - Starting service [Tomcat]
26-06-02 14:41:48.731 [main] INFO  o.a.catalina.core.StandardEngine - Starting Servlet engine: [Apache Tomcat/10.1.50]
26-06-02 14:41:48.822 [main] INFO  o.a.c.c.C.[Tomcat].[localhost].[/] - Initializing Spring embedded WebApplicationContext
26-06-02 14:41:48.822 [main] INFO  o.s.b.w.s.c.ServletWebServerApplicationContext - Root WebApplicationContext: initialization completed in 3599 ms
26-06-02 14:41:49.025 [main] INFO  com.zaxxer.hikari.HikariDataSource - HikariPool-1 - Starting...
26-06-02 14:41:49.263 [main] INFO  com.zaxxer.hikari.pool.HikariPool - HikariPool-1 - Added connection org.postgresql.jdbc.PgConnection@783dc0e7
26-06-02 14:41:49.265 [main] INFO  com.zaxxer.hikari.HikariDataSource - HikariPool-1 - Start completed.
26-06-02 14:41:49.386 [main] INFO  o.h.jpa.internal.util.LogHelper - HHH000204: Processing PersistenceUnitInfo [name: default]
26-06-02 14:41:49.472 [main] INFO  org.hibernate.Version - HHH000412: Hibernate ORM core version 6.6.41.Final
26-06-02 14:41:49.530 [main] INFO  o.h.c.i.RegionFactoryInitiator - HHH000026: Second-level cache disabled
26-06-02 14:41:49.928 [main] INFO  o.s.o.j.p.SpringPersistenceUnitInfo - No LoadTimeWeaver setup: ignoring JPA class transformer
26-06-02 14:41:50.046 [main] WARN  org.hibernate.orm.deprecation - HHH90000025: PostgreSQLDialect does not need to be specified explicitly using 'hibernate.dialect' (remove the property setting and it will be selected by default)
26-06-02 14:41:50.070 [main] INFO  o.hibernate.orm.connections.pooling - HHH10001005: Database info:
	Database JDBC URL [Connecting through datasource 'HikariDataSource (HikariPool-1)']
	Database driver: undefined/unknown
	Database version: 17.8
	Autocommit mode: undefined/unknown
	Isolation level: undefined/unknown
	Minimum pool size: undefined/unknown
	Maximum pool size: undefined/unknown
26-06-02 14:41:51.441 [main] INFO  o.h.e.t.j.p.i.JtaPlatformInitiator - HHH000489: No JTA platform available (set 'hibernate.transaction.jta.platform' to enable JTA platform integration)
26-06-02 14:41:51.727 [main] INFO  o.s.o.j.LocalContainerEntityManagerFactoryBean - Initialized JPA EntityManagerFactory for persistence unit 'default'
26-06-02 14:41:52.312 [main] DEBUG o.s.s.a.h.RoleHierarchyImpl - buildRolesReachableInOneStepMap() - From role ROLE_ADMIN one can reach role ROLE_CHANNEL_MANAGER in one step.
26-06-02 14:41:52.312 [main] DEBUG o.s.s.a.h.RoleHierarchyImpl - buildRolesReachableInOneStepMap() - From role ROLE_CHANNEL_MANAGER one can reach role ROLE_USER in one step.
26-06-02 14:41:52.312 [main] DEBUG o.s.s.a.h.RoleHierarchyImpl - buildRolesReachableInOneOrMoreStepsMap() - From role ROLE_ADMIN one can reach [ROLE_USER, ROLE_CHANNEL_MANAGER] in one or more steps.
26-06-02 14:41:52.312 [main] DEBUG o.s.s.a.h.RoleHierarchyImpl - buildRolesReachableInOneOrMoreStepsMap() - From role ROLE_CHANNEL_MANAGER one can reach [ROLE_USER] in one or more steps.
26-06-02 14:41:52.422 [main] INFO  o.s.d.j.r.query.QueryEnhancerFactory - Hibernate is in classpath; If applicable, HQL parser will be used.
26-06-02 14:41:53.292 [main] WARN  o.s.b.a.o.j.JpaBaseConfiguration$JpaWebConfiguration - spring.jpa.open-in-view is enabled by default. Therefore, database queries may be performed during view rendering. Explicitly configure spring.jpa.open-in-view to disable this warning
26-06-02 14:41:53.341 [main] INFO  o.s.b.a.w.s.WelcomePageHandlerMapping - Adding welcome page: class path resource [static/index.html]
26-06-02 14:41:53.769 [main] INFO  o.s.b.a.e.web.EndpointLinksResolver - Exposing 4 endpoints beneath base path '/actuator'
26-06-02 14:41:53.828 [main] TRACE o.s.s.c.a.a.c.AuthenticationConfiguration$EnableGlobalAuthenticationAutowiredConfigurer - Eagerly initializing {securityConfig=com.sprint.mission.discodeit.config.SecurityConfig$$SpringCGLIB$$0@3470c771}
26-06-02 14:41:53.836 [main] INFO  o.s.s.c.a.a.c.InitializeUserDetailsBeanManagerConfigurer$InitializeUserDetailsManagerConfigurer - Global AuthenticationManager configured with UserDetailsService bean with name discodeitUserDetailsService
26-06-02 14:41:54.009 [main] DEBUG o.s.s.web.DefaultSecurityFilterChain - Will secure any request with filters: DisableEncodeUrlFilter, WebAsyncManagerIntegrationFilter, SecurityContextHolderFilter, HeaderWriterFilter, CsrfFilter, LogoutFilter, JwtAuthenticationFilter, UsernamePasswordAuthenticationFilter, RequestCacheAwareFilter, SecurityContextHolderAwareRequestFilter, AnonymousAuthenticationFilter, SessionManagementFilter, ExceptionTranslationFilter, AuthorizationFilter
26-06-02 14:41:54.593 [main] INFO  o.a.coyote.http11.Http11NioProtocol - Starting ProtocolHandler ["http-nio-8080"]
26-06-02 14:41:54.614 [main] INFO  o.s.b.w.e.tomcat.TomcatWebServer - Tomcat started on port 8080 (http) with context path '/'
26-06-02 14:41:54.634 [main] INFO  c.s.m.discodeit.DiscodeitApplication - Started DiscodeitApplication in 10.257 seconds (process running for 11.173)
26-06-02 14:41:54.715 [main] DEBUG org.hibernate.SQL - 
    select
        u1_0.id,
        u1_0.created_at,
        u1_0.email,
        u1_0.password,
        u1_0.profile_id,
        u1_0.role,
        u1_0.updated_at,
        u1_0.username 
    from
        users u1_0
26-06-02 14:41:55.123 [RMI TCP Connection(4)-121.190.184.84] INFO  o.a.c.c.C.[Tomcat].[localhost].[/] - Initializing Spring DispatcherServlet 'dispatcherServlet'
26-06-02 14:41:55.124 [RMI TCP Connection(4)-121.190.184.84] INFO  o.s.web.servlet.DispatcherServlet - Initializing Servlet 'dispatcherServlet'
26-06-02 14:41:55.126 [RMI TCP Connection(4)-121.190.184.84] INFO  o.s.web.servlet.DispatcherServlet - Completed initialization in 2 ms
26-06-02 14:42:18.635 [SpringApplicationShutdownHook] INFO  o.s.b.w.e.tomcat.GracefulShutdown - Commencing graceful shutdown. Waiting for active requests to complete
26-06-02 14:42:18.677 [tomcat-shutdown] INFO  o.s.b.w.e.tomcat.GracefulShutdown - Graceful shutdown complete
26-06-02 14:42:18.686 [SpringApplicationShutdownHook] INFO  o.s.o.j.LocalContainerEntityManagerFactoryBean - Closing JPA EntityManagerFactory for persistence unit 'default'
26-06-02 14:42:18.689 [SpringApplicationShutdownHook] INFO  com.zaxxer.hikari.HikariDataSource - HikariPool-1 - Shutdown initiated...
26-06-02 14:42:18.694 [SpringApplicationShutdownHook] INFO  com.zaxxer.hikari.HikariDataSource - HikariPool-1 - Shutdown completed.
26-06-02 15:21:45.829 [background-preinit] INFO  o.h.validator.internal.util.Version - HV000001: Hibernate Validator 8.0.3.Final
26-06-02 15:21:45.923 [main] INFO  c.s.m.discodeit.DiscodeitApplication - Starting DiscodeitApplication using Java 17.0.17 with PID 736 (C:\Users\dev\IdeaProjects\pro\9-sprint-mission\discodeit\build\classes\java\main started by dev in C:\Users\dev\IdeaProjects\pro\9-sprint-mission\discodeit)
26-06-02 15:21:45.924 [main] INFO  c.s.m.discodeit.DiscodeitApplication - The following 1 profile is active: "dev"
26-06-02 15:21:47.476 [main] INFO  o.s.d.r.c.RepositoryConfigurationDelegate - Bootstrapping Spring Data JPA repositories in DEFAULT mode.
26-06-02 15:21:47.574 [main] INFO  o.s.d.r.c.RepositoryConfigurationDelegate - Finished Spring Data repository scanning in 86 ms. Found 6 JPA repository interfaces.
26-06-02 15:21:48.407 [main] INFO  o.s.b.w.e.tomcat.TomcatWebServer - Tomcat initialized with port 8080 (http)
26-06-02 15:21:48.422 [main] INFO  o.a.coyote.http11.Http11NioProtocol - Initializing ProtocolHandler ["http-nio-8080"]
26-06-02 15:21:48.425 [main] INFO  o.a.catalina.core.StandardService - Starting service [Tomcat]
26-06-02 15:21:48.425 [main] INFO  o.a.catalina.core.StandardEngine - Starting Servlet engine: [Apache Tomcat/10.1.50]
26-06-02 15:21:48.508 [main] INFO  o.a.c.c.C.[Tomcat].[localhost].[/] - Initializing Spring embedded WebApplicationContext
26-06-02 15:21:48.508 [main] INFO  o.s.b.w.s.c.ServletWebServerApplicationContext - Root WebApplicationContext: initialization completed in 2526 ms
26-06-02 15:21:48.710 [main] INFO  com.zaxxer.hikari.HikariDataSource - HikariPool-1 - Starting...
26-06-02 15:21:48.906 [main] INFO  com.zaxxer.hikari.pool.HikariPool - HikariPool-1 - Added connection org.postgresql.jdbc.PgConnection@11e24688
26-06-02 15:21:48.908 [main] INFO  com.zaxxer.hikari.HikariDataSource - HikariPool-1 - Start completed.
26-06-02 15:21:49.008 [main] INFO  o.h.jpa.internal.util.LogHelper - HHH000204: Processing PersistenceUnitInfo [name: default]
26-06-02 15:21:49.084 [main] INFO  org.hibernate.Version - HHH000412: Hibernate ORM core version 6.6.41.Final
26-06-02 15:21:49.135 [main] INFO  o.h.c.i.RegionFactoryInitiator - HHH000026: Second-level cache disabled
26-06-02 15:21:49.493 [main] INFO  o.s.o.j.p.SpringPersistenceUnitInfo - No LoadTimeWeaver setup: ignoring JPA class transformer
26-06-02 15:21:49.573 [main] WARN  org.hibernate.orm.deprecation - HHH90000025: PostgreSQLDialect does not need to be specified explicitly using 'hibernate.dialect' (remove the property setting and it will be selected by default)
26-06-02 15:21:49.592 [main] INFO  o.hibernate.orm.connections.pooling - HHH10001005: Database info:
	Database JDBC URL [Connecting through datasource 'HikariDataSource (HikariPool-1)']
	Database driver: undefined/unknown
	Database version: 17.8
	Autocommit mode: undefined/unknown
	Isolation level: undefined/unknown
	Minimum pool size: undefined/unknown
	Maximum pool size: undefined/unknown
26-06-02 15:21:50.863 [main] INFO  o.h.e.t.j.p.i.JtaPlatformInitiator - HHH000489: No JTA platform available (set 'hibernate.transaction.jta.platform' to enable JTA platform integration)
26-06-02 15:21:51.037 [main] INFO  o.s.o.j.LocalContainerEntityManagerFactoryBean - Initialized JPA EntityManagerFactory for persistence unit 'default'
26-06-02 15:21:51.580 [main] DEBUG o.s.s.a.h.RoleHierarchyImpl - buildRolesReachableInOneStepMap() - From role ROLE_ADMIN one can reach role ROLE_CHANNEL_MANAGER in one step.
26-06-02 15:21:51.580 [main] DEBUG o.s.s.a.h.RoleHierarchyImpl - buildRolesReachableInOneStepMap() - From role ROLE_CHANNEL_MANAGER one can reach role ROLE_USER in one step.
26-06-02 15:21:51.580 [main] DEBUG o.s.s.a.h.RoleHierarchyImpl - buildRolesReachableInOneOrMoreStepsMap() - From role ROLE_ADMIN one can reach [ROLE_USER, ROLE_CHANNEL_MANAGER] in one or more steps.
26-06-02 15:21:51.580 [main] DEBUG o.s.s.a.h.RoleHierarchyImpl - buildRolesReachableInOneOrMoreStepsMap() - From role ROLE_CHANNEL_MANAGER one can reach [ROLE_USER] in one or more steps.
26-06-02 15:21:51.659 [main] INFO  o.s.d.j.r.query.QueryEnhancerFactory - Hibernate is in classpath; If applicable, HQL parser will be used.
26-06-02 15:21:52.380 [main] WARN  o.s.b.a.o.j.JpaBaseConfiguration$JpaWebConfiguration - spring.jpa.open-in-view is enabled by default. Therefore, database queries may be performed during view rendering. Explicitly configure spring.jpa.open-in-view to disable this warning
26-06-02 15:21:52.429 [main] INFO  o.s.b.a.w.s.WelcomePageHandlerMapping - Adding welcome page: class path resource [static/index.html]
26-06-02 15:21:52.809 [main] INFO  o.s.b.a.e.web.EndpointLinksResolver - Exposing 4 endpoints beneath base path '/actuator'
26-06-02 15:21:52.866 [main] TRACE o.s.s.c.a.a.c.AuthenticationConfiguration$EnableGlobalAuthenticationAutowiredConfigurer - Eagerly initializing {securityConfig=com.sprint.mission.discodeit.config.SecurityConfig$$SpringCGLIB$$0@3e668743}
26-06-02 15:21:52.874 [main] INFO  o.s.s.c.a.a.c.InitializeUserDetailsBeanManagerConfigurer$InitializeUserDetailsManagerConfigurer - Global AuthenticationManager configured with UserDetailsService bean with name discodeitUserDetailsService
26-06-02 15:21:53.027 [main] DEBUG o.s.s.web.DefaultSecurityFilterChain - Will secure any request with filters: DisableEncodeUrlFilter, WebAsyncManagerIntegrationFilter, SecurityContextHolderFilter, HeaderWriterFilter, CsrfFilter, LogoutFilter, JwtAuthenticationFilter, UsernamePasswordAuthenticationFilter, RequestCacheAwareFilter, SecurityContextHolderAwareRequestFilter, AnonymousAuthenticationFilter, SessionManagementFilter, ExceptionTranslationFilter, AuthorizationFilter
26-06-02 15:21:53.581 [main] INFO  o.a.coyote.http11.Http11NioProtocol - Starting ProtocolHandler ["http-nio-8080"]
26-06-02 15:21:53.606 [main] INFO  o.s.b.w.e.tomcat.TomcatWebServer - Tomcat started on port 8080 (http) with context path '/'
26-06-02 15:21:53.626 [main] INFO  c.s.m.discodeit.DiscodeitApplication - Started DiscodeitApplication in 8.37 seconds (process running for 8.955)
26-06-02 15:21:53.703 [main] DEBUG org.hibernate.SQL - 
    select
        u1_0.id,
        u1_0.created_at,
        u1_0.email,
        u1_0.password,
        u1_0.profile_id,
        u1_0.role,
        u1_0.updated_at,
        u1_0.username 
    from
        users u1_0
26-06-02 15:21:54.083 [RMI TCP Connection(5)-121.190.184.84] INFO  o.a.c.c.C.[Tomcat].[localhost].[/] - Initializing Spring DispatcherServlet 'dispatcherServlet'
26-06-02 15:21:54.084 [RMI TCP Connection(5)-121.190.184.84] INFO  o.s.web.servlet.DispatcherServlet - Initializing Servlet 'dispatcherServlet'
26-06-02 15:21:54.085 [RMI TCP Connection(5)-121.190.184.84] INFO  o.s.web.servlet.DispatcherServlet - Completed initialization in 1 ms
26-06-02 15:22:32.187 [SpringApplicationShutdownHook] INFO  o.s.b.w.e.tomcat.GracefulShutdown - Commencing graceful shutdown. Waiting for active requests to complete
26-06-02 15:22:32.228 [tomcat-shutdown] INFO  o.s.b.w.e.tomcat.GracefulShutdown - Graceful shutdown complete
26-06-02 15:22:32.237 [SpringApplicationShutdownHook] INFO  o.s.o.j.LocalContainerEntityManagerFactoryBean - Closing JPA EntityManagerFactory for persistence unit 'default'
26-06-02 15:22:32.240 [SpringApplicationShutdownHook] INFO  com.zaxxer.hikari.HikariDataSource - HikariPool-1 - Shutdown initiated...
26-06-02 15:22:32.242 [SpringApplicationShutdownHook] INFO  com.zaxxer.hikari.HikariDataSource - HikariPool-1 - Shutdown completed.
26-06-02 15:25:50.649 [background-preinit] INFO  o.h.validator.internal.util.Version - HV000001: Hibernate Validator 8.0.3.Final
26-06-02 15:25:50.706 [main] INFO  c.s.m.discodeit.DiscodeitApplication - Starting DiscodeitApplication using Java 17.0.17 with PID 8608 (C:\Users\dev\IdeaProjects\pro\9-sprint-mission\discodeit\build\classes\java\main started by dev in C:\Users\dev\IdeaProjects\pro\9-sprint-mission\discodeit)
26-06-02 15:25:50.706 [main] INFO  c.s.m.discodeit.DiscodeitApplication - The following 1 profile is active: "dev"
26-06-02 15:25:52.198 [main] INFO  o.s.d.r.c.RepositoryConfigurationDelegate - Bootstrapping Spring Data JPA repositories in DEFAULT mode.
26-06-02 15:25:52.287 [main] INFO  o.s.d.r.c.RepositoryConfigurationDelegate - Finished Spring Data repository scanning in 78 ms. Found 6 JPA repository interfaces.
26-06-02 15:25:53.339 [main] INFO  o.s.b.w.e.tomcat.TomcatWebServer - Tomcat initialized with port 8080 (http)
26-06-02 15:25:53.353 [main] INFO  o.a.coyote.http11.Http11NioProtocol - Initializing ProtocolHandler ["http-nio-8080"]
26-06-02 15:25:53.355 [main] INFO  o.a.catalina.core.StandardService - Starting service [Tomcat]
26-06-02 15:25:53.355 [main] INFO  o.a.catalina.core.StandardEngine - Starting Servlet engine: [Apache Tomcat/10.1.50]
26-06-02 15:25:53.451 [main] INFO  o.a.c.c.C.[Tomcat].[localhost].[/] - Initializing Spring embedded WebApplicationContext
26-06-02 15:25:53.452 [main] INFO  o.s.b.w.s.c.ServletWebServerApplicationContext - Root WebApplicationContext: initialization completed in 2700 ms
26-06-02 15:25:53.817 [main] INFO  com.zaxxer.hikari.HikariDataSource - HikariPool-1 - Starting...
26-06-02 15:25:54.006 [main] INFO  com.zaxxer.hikari.pool.HikariPool - HikariPool-1 - Added connection org.postgresql.jdbc.PgConnection@2a0c244e
26-06-02 15:25:54.008 [main] INFO  com.zaxxer.hikari.HikariDataSource - HikariPool-1 - Start completed.
26-06-02 15:25:54.137 [main] INFO  o.h.jpa.internal.util.LogHelper - HHH000204: Processing PersistenceUnitInfo [name: default]
26-06-02 15:25:54.203 [main] INFO  org.hibernate.Version - HHH000412: Hibernate ORM core version 6.6.41.Final
26-06-02 15:25:54.244 [main] INFO  o.h.c.i.RegionFactoryInitiator - HHH000026: Second-level cache disabled
26-06-02 15:25:54.611 [main] INFO  o.s.o.j.p.SpringPersistenceUnitInfo - No LoadTimeWeaver setup: ignoring JPA class transformer
26-06-02 15:25:54.682 [main] WARN  org.hibernate.orm.deprecation - HHH90000025: PostgreSQLDialect does not need to be specified explicitly using 'hibernate.dialect' (remove the property setting and it will be selected by default)
26-06-02 15:25:54.703 [main] INFO  o.hibernate.orm.connections.pooling - HHH10001005: Database info:
	Database JDBC URL [Connecting through datasource 'HikariDataSource (HikariPool-1)']
	Database driver: undefined/unknown
	Database version: 17.8
	Autocommit mode: undefined/unknown
	Isolation level: undefined/unknown
	Minimum pool size: undefined/unknown
	Maximum pool size: undefined/unknown
26-06-02 15:25:55.985 [main] INFO  o.h.e.t.j.p.i.JtaPlatformInitiator - HHH000489: No JTA platform available (set 'hibernate.transaction.jta.platform' to enable JTA platform integration)
26-06-02 15:25:56.160 [main] INFO  o.s.o.j.LocalContainerEntityManagerFactoryBean - Initialized JPA EntityManagerFactory for persistence unit 'default'
26-06-02 15:25:57.050 [main] DEBUG o.s.s.a.h.RoleHierarchyImpl - buildRolesReachableInOneStepMap() - From role ROLE_ADMIN one can reach role ROLE_CHANNEL_MANAGER in one step.
26-06-02 15:25:57.050 [main] DEBUG o.s.s.a.h.RoleHierarchyImpl - buildRolesReachableInOneStepMap() - From role ROLE_CHANNEL_MANAGER one can reach role ROLE_USER in one step.
26-06-02 15:25:57.050 [main] DEBUG o.s.s.a.h.RoleHierarchyImpl - buildRolesReachableInOneOrMoreStepsMap() - From role ROLE_ADMIN one can reach [ROLE_USER, ROLE_CHANNEL_MANAGER] in one or more steps.
26-06-02 15:25:57.050 [main] DEBUG o.s.s.a.h.RoleHierarchyImpl - buildRolesReachableInOneOrMoreStepsMap() - From role ROLE_CHANNEL_MANAGER one can reach [ROLE_USER] in one or more steps.
26-06-02 15:25:57.146 [main] INFO  o.s.d.j.r.query.QueryEnhancerFactory - Hibernate is in classpath; If applicable, HQL parser will be used.
26-06-02 15:25:58.094 [main] WARN  o.s.b.a.o.j.JpaBaseConfiguration$JpaWebConfiguration - spring.jpa.open-in-view is enabled by default. Therefore, database queries may be performed during view rendering. Explicitly configure spring.jpa.open-in-view to disable this warning
26-06-02 15:25:58.184 [main] INFO  o.s.b.a.w.s.WelcomePageHandlerMapping - Adding welcome page: class path resource [static/index.html]
26-06-02 15:25:58.783 [main] INFO  o.s.b.a.e.web.EndpointLinksResolver - Exposing 5 endpoints beneath base path '/actuator'
26-06-02 15:25:58.873 [main] TRACE o.s.s.c.a.a.c.AuthenticationConfiguration$EnableGlobalAuthenticationAutowiredConfigurer - Eagerly initializing {securityConfig=com.sprint.mission.discodeit.config.SecurityConfig$$SpringCGLIB$$0@10164e94}
26-06-02 15:25:58.880 [main] INFO  o.s.s.c.a.a.c.InitializeUserDetailsBeanManagerConfigurer$InitializeUserDetailsManagerConfigurer - Global AuthenticationManager configured with UserDetailsService bean with name discodeitUserDetailsService
26-06-02 15:25:59.093 [main] DEBUG o.s.s.web.DefaultSecurityFilterChain - Will secure any request with filters: DisableEncodeUrlFilter, WebAsyncManagerIntegrationFilter, SecurityContextHolderFilter, HeaderWriterFilter, CsrfFilter, LogoutFilter, JwtAuthenticationFilter, UsernamePasswordAuthenticationFilter, RequestCacheAwareFilter, SecurityContextHolderAwareRequestFilter, AnonymousAuthenticationFilter, SessionManagementFilter, ExceptionTranslationFilter, AuthorizationFilter
26-06-02 15:26:00.178 [main] INFO  o.a.coyote.http11.Http11NioProtocol - Starting ProtocolHandler ["http-nio-8080"]
26-06-02 15:26:00.197 [main] INFO  o.s.b.w.e.tomcat.TomcatWebServer - Tomcat started on port 8080 (http) with context path '/'
26-06-02 15:26:00.216 [main] INFO  c.s.m.discodeit.DiscodeitApplication - Started DiscodeitApplication in 10.153 seconds (process running for 10.763)
26-06-02 15:26:00.302 [main] DEBUG org.hibernate.SQL - 
    select
        u1_0.id,
        u1_0.created_at,
        u1_0.email,
        u1_0.password,
        u1_0.profile_id,
        u1_0.role,
        u1_0.updated_at,
        u1_0.username 
    from
        users u1_0
26-06-02 15:26:00.923 [RMI TCP Connection(1)-121.190.184.84] INFO  o.a.c.c.C.[Tomcat].[localhost].[/] - Initializing Spring DispatcherServlet 'dispatcherServlet'
26-06-02 15:26:00.924 [RMI TCP Connection(1)-121.190.184.84] INFO  o.s.web.servlet.DispatcherServlet - Initializing Servlet 'dispatcherServlet'
26-06-02 15:26:00.926 [RMI TCP Connection(1)-121.190.184.84] INFO  o.s.web.servlet.DispatcherServlet - Completed initialization in 2 ms
26-06-02 15:28:25.959 [SpringApplicationShutdownHook] INFO  o.s.b.w.e.tomcat.GracefulShutdown - Commencing graceful shutdown. Waiting for active requests to complete
26-06-02 15:28:26.000 [tomcat-shutdown] INFO  o.s.b.w.e.tomcat.GracefulShutdown - Graceful shutdown complete
26-06-02 15:28:26.009 [SpringApplicationShutdownHook] INFO  o.s.o.j.LocalContainerEntityManagerFactoryBean - Closing JPA EntityManagerFactory for persistence unit 'default'
26-06-02 15:28:26.012 [SpringApplicationShutdownHook] INFO  com.zaxxer.hikari.HikariDataSource - HikariPool-1 - Shutdown initiated...
26-06-02 15:28:26.014 [SpringApplicationShutdownHook] INFO  com.zaxxer.hikari.HikariDataSource - HikariPool-1 - Shutdown completed.
26-06-02 15:42:53.617 [background-preinit] INFO  o.h.validator.internal.util.Version - HV000001: Hibernate Validator 8.0.3.Final
26-06-02 15:42:53.673 [main] INFO  c.s.m.discodeit.DiscodeitApplication - Starting DiscodeitApplication using Java 17.0.17 with PID 9760 (C:\Users\dev\IdeaProjects\pro\9-sprint-mission\discodeit\build\classes\java\main started by dev in C:\Users\dev\IdeaProjects\pro\9-sprint-mission\discodeit)
26-06-02 15:42:53.674 [main] INFO  c.s.m.discodeit.DiscodeitApplication - The following 1 profile is active: "dev"
26-06-02 15:42:55.040 [main] INFO  o.s.d.r.c.RepositoryConfigurationDelegate - Bootstrapping Spring Data JPA repositories in DEFAULT mode.
26-06-02 15:42:55.120 [main] INFO  o.s.d.r.c.RepositoryConfigurationDelegate - Finished Spring Data repository scanning in 71 ms. Found 6 JPA repository interfaces.
26-06-02 15:42:56.125 [main] INFO  o.s.b.w.e.tomcat.TomcatWebServer - Tomcat initialized with port 8080 (http)
26-06-02 15:42:56.137 [main] INFO  o.a.coyote.http11.Http11NioProtocol - Initializing ProtocolHandler ["http-nio-8080"]
26-06-02 15:42:56.139 [main] INFO  o.a.catalina.core.StandardService - Starting service [Tomcat]
26-06-02 15:42:56.139 [main] INFO  o.a.catalina.core.StandardEngine - Starting Servlet engine: [Apache Tomcat/10.1.50]
26-06-02 15:42:56.216 [main] INFO  o.a.c.c.C.[Tomcat].[localhost].[/] - Initializing Spring embedded WebApplicationContext
26-06-02 15:42:56.217 [main] INFO  o.s.b.w.s.c.ServletWebServerApplicationContext - Root WebApplicationContext: initialization completed in 2502 ms
26-06-02 15:42:56.566 [main] INFO  com.zaxxer.hikari.HikariDataSource - HikariPool-1 - Starting...
26-06-02 15:42:56.736 [main] INFO  com.zaxxer.hikari.pool.HikariPool - HikariPool-1 - Added connection org.postgresql.jdbc.PgConnection@5305f936
26-06-02 15:42:56.739 [main] INFO  com.zaxxer.hikari.HikariDataSource - HikariPool-1 - Start completed.
26-06-02 15:42:56.856 [main] INFO  o.h.jpa.internal.util.LogHelper - HHH000204: Processing PersistenceUnitInfo [name: default]
26-06-02 15:42:56.921 [main] INFO  org.hibernate.Version - HHH000412: Hibernate ORM core version 6.6.41.Final
26-06-02 15:42:56.961 [main] INFO  o.h.c.i.RegionFactoryInitiator - HHH000026: Second-level cache disabled
26-06-02 15:42:57.305 [main] INFO  o.s.o.j.p.SpringPersistenceUnitInfo - No LoadTimeWeaver setup: ignoring JPA class transformer
26-06-02 15:42:57.375 [main] WARN  org.hibernate.orm.deprecation - HHH90000025: PostgreSQLDialect does not need to be specified explicitly using 'hibernate.dialect' (remove the property setting and it will be selected by default)
26-06-02 15:42:57.392 [main] INFO  o.hibernate.orm.connections.pooling - HHH10001005: Database info:
	Database JDBC URL [Connecting through datasource 'HikariDataSource (HikariPool-1)']
	Database driver: undefined/unknown
	Database version: 17.8
	Autocommit mode: undefined/unknown
	Isolation level: undefined/unknown
	Minimum pool size: undefined/unknown
	Maximum pool size: undefined/unknown
26-06-02 15:42:58.624 [main] INFO  o.h.e.t.j.p.i.JtaPlatformInitiator - HHH000489: No JTA platform available (set 'hibernate.transaction.jta.platform' to enable JTA platform integration)
26-06-02 15:42:58.791 [main] INFO  o.s.o.j.LocalContainerEntityManagerFactoryBean - Initialized JPA EntityManagerFactory for persistence unit 'default'
26-06-02 15:42:59.634 [main] DEBUG o.s.s.a.h.RoleHierarchyImpl - buildRolesReachableInOneStepMap() - From role ROLE_ADMIN one can reach role ROLE_CHANNEL_MANAGER in one step.
26-06-02 15:42:59.634 [main] DEBUG o.s.s.a.h.RoleHierarchyImpl - buildRolesReachableInOneStepMap() - From role ROLE_CHANNEL_MANAGER one can reach role ROLE_USER in one step.
26-06-02 15:42:59.634 [main] DEBUG o.s.s.a.h.RoleHierarchyImpl - buildRolesReachableInOneOrMoreStepsMap() - From role ROLE_ADMIN one can reach [ROLE_USER, ROLE_CHANNEL_MANAGER] in one or more steps.
26-06-02 15:42:59.634 [main] DEBUG o.s.s.a.h.RoleHierarchyImpl - buildRolesReachableInOneOrMoreStepsMap() - From role ROLE_CHANNEL_MANAGER one can reach [ROLE_USER] in one or more steps.
26-06-02 15:42:59.740 [main] INFO  o.s.d.j.r.query.QueryEnhancerFactory - Hibernate is in classpath; If applicable, HQL parser will be used.
26-06-02 15:43:00.852 [main] WARN  o.s.b.a.o.j.JpaBaseConfiguration$JpaWebConfiguration - spring.jpa.open-in-view is enabled by default. Therefore, database queries may be performed during view rendering. Explicitly configure spring.jpa.open-in-view to disable this warning
26-06-02 15:43:00.947 [main] INFO  o.s.b.a.w.s.WelcomePageHandlerMapping - Adding welcome page: class path resource [static/index.html]
26-06-02 15:43:01.562 [main] INFO  o.s.b.a.e.web.EndpointLinksResolver - Exposing 5 endpoints beneath base path '/actuator'
26-06-02 15:43:01.654 [main] TRACE o.s.s.c.a.a.c.AuthenticationConfiguration$EnableGlobalAuthenticationAutowiredConfigurer - Eagerly initializing {securityConfig=com.sprint.mission.discodeit.config.SecurityConfig$$SpringCGLIB$$0@7e822c11}
26-06-02 15:43:01.662 [main] INFO  o.s.s.c.a.a.c.InitializeUserDetailsBeanManagerConfigurer$InitializeUserDetailsManagerConfigurer - Global AuthenticationManager configured with UserDetailsService bean with name discodeitUserDetailsService
26-06-02 15:43:01.889 [main] DEBUG o.s.s.web.DefaultSecurityFilterChain - Will secure any request with filters: DisableEncodeUrlFilter, WebAsyncManagerIntegrationFilter, SecurityContextHolderFilter, HeaderWriterFilter, CsrfFilter, LogoutFilter, JwtAuthenticationFilter, UsernamePasswordAuthenticationFilter, RequestCacheAwareFilter, SecurityContextHolderAwareRequestFilter, AnonymousAuthenticationFilter, SessionManagementFilter, ExceptionTranslationFilter, AuthorizationFilter
26-06-02 15:43:03.046 [main] INFO  o.a.coyote.http11.Http11NioProtocol - Starting ProtocolHandler ["http-nio-8080"]
26-06-02 15:43:03.069 [main] INFO  o.s.b.w.e.tomcat.TomcatWebServer - Tomcat started on port 8080 (http) with context path '/'
26-06-02 15:43:03.089 [main] INFO  c.s.m.discodeit.DiscodeitApplication - Started DiscodeitApplication in 10.027 seconds (process running for 10.639)
26-06-02 15:43:03.170 [main] DEBUG org.hibernate.SQL - 
    select
        u1_0.id,
        u1_0.created_at,
        u1_0.email,
        u1_0.password,
        u1_0.profile_id,
        u1_0.role,
        u1_0.updated_at,
        u1_0.username 
    from
        users u1_0
26-06-02 15:43:03.529 [RMI TCP Connection(1)-121.190.184.84] INFO  o.a.c.c.C.[Tomcat].[localhost].[/] - Initializing Spring DispatcherServlet 'dispatcherServlet'
26-06-02 15:43:03.529 [RMI TCP Connection(1)-121.190.184.84] INFO  o.s.web.servlet.DispatcherServlet - Initializing Servlet 'dispatcherServlet'
26-06-02 15:43:03.531 [RMI TCP Connection(1)-121.190.184.84] INFO  o.s.web.servlet.DispatcherServlet - Completed initialization in 2 ms
26-06-02 15:47:55.923 [http-nio-8080-exec-4] TRACE o.s.security.web.FilterChainProxy - Trying to match request against DefaultSecurityFilterChain defined as 'filterChain' in [class path resource [com/sprint/mission/discodeit/config/SecurityConfig.class]] matching [any request] and having filters [DisableEncodeUrl, WebAsyncManagerIntegration, SecurityContextHolder, HeaderWriter, Csrf, Logout, JwtAuthentication, UsernamePasswordAuthentication, RequestCacheAware, SecurityContextHolderAwareRequest, AnonymousAuthentication, SessionManagement, ExceptionTranslation, Authorization] (1/1)
26-06-02 15:47:55.923 [http-nio-8080-exec-4] DEBUG o.s.security.web.FilterChainProxy - Securing GET /swagger-ui/index.html
26-06-02 15:47:55.926 [http-nio-8080-exec-4] TRACE o.s.security.web.FilterChainProxy - Invoking DisableEncodeUrlFilter (1/14)
26-06-02 15:47:55.929 [http-nio-8080-exec-4] TRACE o.s.security.web.FilterChainProxy - Invoking WebAsyncManagerIntegrationFilter (2/14)
26-06-02 15:47:55.932 [http-nio-8080-exec-4] TRACE o.s.security.web.FilterChainProxy - Invoking SecurityContextHolderFilter (3/14)
26-06-02 15:47:55.933 [http-nio-8080-exec-4] TRACE o.s.security.web.FilterChainProxy - Invoking HeaderWriterFilter (4/14)
26-06-02 15:47:55.935 [http-nio-8080-exec-4] TRACE o.s.security.web.FilterChainProxy - Invoking CsrfFilter (5/14)
26-06-02 15:47:55.936 [http-nio-8080-exec-4] TRACE o.s.s.w.c.CsrfTokenRequestAttributeHandler - Wrote a CSRF token to the following request attributes: [_csrf, org.springframework.security.web.csrf.CsrfToken]
26-06-02 15:47:55.941 [http-nio-8080-exec-4] TRACE o.s.security.web.csrf.CsrfFilter - Did not protect against CSRF since request did not match CsrfNotRequired [TRACE, HEAD, GET, OPTIONS]
26-06-02 15:47:55.941 [http-nio-8080-exec-4] TRACE o.s.security.web.FilterChainProxy - Invoking LogoutFilter (6/14)
26-06-02 15:47:55.941 [http-nio-8080-exec-4] TRACE o.s.s.w.a.logout.LogoutFilter - Did not match request to Ant [pattern='/api/auth/logout', POST]
26-06-02 15:47:55.941 [http-nio-8080-exec-4] TRACE o.s.security.web.FilterChainProxy - Invoking JwtAuthenticationFilter (7/14)
26-06-02 15:47:55.941 [http-nio-8080-exec-4] TRACE o.s.security.web.FilterChainProxy - Invoking UsernamePasswordAuthenticationFilter (8/14)
26-06-02 15:47:55.942 [http-nio-8080-exec-4] TRACE o.s.s.w.a.UsernamePasswordAuthenticationFilter - Did not match request to Ant [pattern='/api/auth/login', POST]
26-06-02 15:47:55.942 [http-nio-8080-exec-4] TRACE o.s.security.web.FilterChainProxy - Invoking RequestCacheAwareFilter (9/14)
26-06-02 15:47:55.942 [http-nio-8080-exec-4] TRACE o.s.security.web.FilterChainProxy - Invoking SecurityContextHolderAwareRequestFilter (10/14)
26-06-02 15:47:55.943 [http-nio-8080-exec-4] TRACE o.s.security.web.FilterChainProxy - Invoking AnonymousAuthenticationFilter (11/14)
26-06-02 15:47:55.943 [http-nio-8080-exec-4] TRACE o.s.security.web.FilterChainProxy - Invoking SessionManagementFilter (12/14)
26-06-02 15:47:55.944 [http-nio-8080-exec-4] TRACE o.s.s.w.c.SupplierDeferredSecurityContext - Created SecurityContextImpl [Null authentication]
26-06-02 15:47:55.945 [http-nio-8080-exec-4] TRACE o.s.s.w.a.AnonymousAuthenticationFilter - Set SecurityContextHolder to AnonymousAuthenticationToken [Principal=anonymousUser, Credentials=[PROTECTED], Authenticated=true, Details=WebAuthenticationDetails [RemoteIpAddress=0:0:0:0:0:0:0:1, SessionId=null], Granted Authorities=[ROLE_ANONYMOUS]]
26-06-02 15:47:55.945 [http-nio-8080-exec-4] TRACE o.s.security.web.FilterChainProxy - Invoking ExceptionTranslationFilter (13/14)
26-06-02 15:47:55.945 [http-nio-8080-exec-4] TRACE o.s.security.web.FilterChainProxy - Invoking AuthorizationFilter (14/14)
26-06-02 15:47:55.946 [http-nio-8080-exec-4] TRACE o.s.s.w.a.i.RequestMatcherDelegatingAuthorizationManager - Authorizing GET /swagger-ui/index.html
26-06-02 15:47:55.949 [http-nio-8080-exec-4] TRACE o.s.s.w.a.i.RequestMatcherDelegatingAuthorizationManager - Checking authorization on GET /swagger-ui/index.html using org.springframework.security.authorization.SingleResultAuthorizationManager@3088d326
26-06-02 15:47:55.953 [http-nio-8080-exec-4] DEBUG o.s.security.web.FilterChainProxy - Secured GET /swagger-ui/index.html
26-06-02 15:47:55.979 [http-nio-8080-exec-4] TRACE o.s.s.w.h.writers.HstsHeaderWriter - Not injecting HSTS header since it did not match request to [Is Secure]
26-06-02 15:47:55.994 [http-nio-8080-exec-6] TRACE o.s.security.web.FilterChainProxy - Trying to match request against DefaultSecurityFilterChain defined as 'filterChain' in [class path resource [com/sprint/mission/discodeit/config/SecurityConfig.class]] matching [any request] and having filters [DisableEncodeUrl, WebAsyncManagerIntegration, SecurityContextHolder, HeaderWriter, Csrf, Logout, JwtAuthentication, UsernamePasswordAuthentication, RequestCacheAware, SecurityContextHolderAwareRequest, AnonymousAuthentication, SessionManagement, ExceptionTranslation, Authorization] (1/1)
26-06-02 15:47:55.995 [http-nio-8080-exec-5] TRACE o.s.security.web.FilterChainProxy - Trying to match request against DefaultSecurityFilterChain defined as 'filterChain' in [class path resource [com/sprint/mission/discodeit/config/SecurityConfig.class]] matching [any request] and having filters [DisableEncodeUrl, WebAsyncManagerIntegration, SecurityContextHolder, HeaderWriter, Csrf, Logout, JwtAuthentication, UsernamePasswordAuthentication, RequestCacheAware, SecurityContextHolderAwareRequest, AnonymousAuthentication, SessionManagement, ExceptionTranslation, Authorization] (1/1)
26-06-02 15:47:55.994 [http-nio-8080-exec-8] TRACE o.s.security.web.FilterChainProxy - Trying to match request against DefaultSecurityFilterChain defined as 'filterChain' in [class path resource [com/sprint/mission/discodeit/config/SecurityConfig.class]] matching [any request] and having filters [DisableEncodeUrl, WebAsyncManagerIntegration, SecurityContextHolder, HeaderWriter, Csrf, Logout, JwtAuthentication, UsernamePasswordAuthentication, RequestCacheAware, SecurityContextHolderAwareRequest, AnonymousAuthentication, SessionManagement, ExceptionTranslation, Authorization] (1/1)
26-06-02 15:47:55.995 [http-nio-8080-exec-6] DEBUG o.s.security.web.FilterChainProxy - Securing GET /swagger-ui/swagger-ui-bundle.js
26-06-02 15:47:55.995 [http-nio-8080-exec-7] TRACE o.s.security.web.FilterChainProxy - Trying to match request against DefaultSecurityFilterChain defined as 'filterChain' in [class path resource [com/sprint/mission/discodeit/config/SecurityConfig.class]] matching [any request] and having filters [DisableEncodeUrl, WebAsyncManagerIntegration, SecurityContextHolder, HeaderWriter, Csrf, Logout, JwtAuthentication, UsernamePasswordAuthentication, RequestCacheAware, SecurityContextHolderAwareRequest, AnonymousAuthentication, SessionManagement, ExceptionTranslation, Authorization] (1/1)
26-06-02 15:47:55.995 [http-nio-8080-exec-3] TRACE o.s.security.web.FilterChainProxy - Trying to match request against DefaultSecurityFilterChain defined as 'filterChain' in [class path resource [com/sprint/mission/discodeit/config/SecurityConfig.class]] matching [any request] and having filters [DisableEncodeUrl, WebAsyncManagerIntegration, SecurityContextHolder, HeaderWriter, Csrf, Logout, JwtAuthentication, UsernamePasswordAuthentication, RequestCacheAware, SecurityContextHolderAwareRequest, AnonymousAuthentication, SessionManagement, ExceptionTranslation, Authorization] (1/1)
26-06-02 15:47:55.995 [http-nio-8080-exec-8] DEBUG o.s.security.web.FilterChainProxy - Securing GET /swagger-ui/swagger-initializer.js
26-06-02 15:47:55.995 [http-nio-8080-exec-5] DEBUG o.s.security.web.FilterChainProxy - Securing GET /swagger-ui/swagger-ui.css
26-06-02 15:47:55.995 [http-nio-8080-exec-3] DEBUG o.s.security.web.FilterChainProxy - Securing GET /swagger-ui/index.css
26-06-02 15:47:55.995 [http-nio-8080-exec-8] TRACE o.s.security.web.FilterChainProxy - Invoking DisableEncodeUrlFilter (1/14)
26-06-02 15:47:55.995 [http-nio-8080-exec-6] TRACE o.s.security.web.FilterChainProxy - Invoking DisableEncodeUrlFilter (1/14)
26-06-02 15:47:55.995 [http-nio-8080-exec-3] TRACE o.s.security.web.FilterChainProxy - Invoking DisableEncodeUrlFilter (1/14)
26-06-02 15:47:55.995 [http-nio-8080-exec-7] DEBUG o.s.security.web.FilterChainProxy - Securing GET /swagger-ui/swagger-ui-standalone-preset.js
26-06-02 15:47:55.995 [http-nio-8080-exec-5] TRACE o.s.security.web.FilterChainProxy - Invoking DisableEncodeUrlFilter (1/14)
26-06-02 15:47:55.996 [http-nio-8080-exec-7] TRACE o.s.security.web.FilterChainProxy - Invoking DisableEncodeUrlFilter (1/14)
26-06-02 15:47:55.996 [http-nio-8080-exec-8] TRACE o.s.security.web.FilterChainProxy - Invoking WebAsyncManagerIntegrationFilter (2/14)
26-06-02 15:47:55.996 [http-nio-8080-exec-3] TRACE o.s.security.web.FilterChainProxy - Invoking WebAsyncManagerIntegrationFilter (2/14)
26-06-02 15:47:55.996 [http-nio-8080-exec-6] TRACE o.s.security.web.FilterChainProxy - Invoking WebAsyncManagerIntegrationFilter (2/14)
26-06-02 15:47:55.996 [http-nio-8080-exec-5] TRACE o.s.security.web.FilterChainProxy - Invoking WebAsyncManagerIntegrationFilter (2/14)
26-06-02 15:47:55.996 [http-nio-8080-exec-3] TRACE o.s.security.web.FilterChainProxy - Invoking SecurityContextHolderFilter (3/14)
26-06-02 15:47:55.996 [http-nio-8080-exec-5] TRACE o.s.security.web.FilterChainProxy - Invoking SecurityContextHolderFilter (3/14)
26-06-02 15:47:55.996 [http-nio-8080-exec-8] TRACE o.s.security.web.FilterChainProxy - Invoking SecurityContextHolderFilter (3/14)
26-06-02 15:47:55.996 [http-nio-8080-exec-7] TRACE o.s.security.web.FilterChainProxy - Invoking WebAsyncManagerIntegrationFilter (2/14)
26-06-02 15:47:55.996 [http-nio-8080-exec-5] TRACE o.s.security.web.FilterChainProxy - Invoking HeaderWriterFilter (4/14)
26-06-02 15:47:55.996 [http-nio-8080-exec-6] TRACE o.s.security.web.FilterChainProxy - Invoking SecurityContextHolderFilter (3/14)
26-06-02 15:47:55.996 [http-nio-8080-exec-8] TRACE o.s.security.web.FilterChainProxy - Invoking HeaderWriterFilter (4/14)
26-06-02 15:47:55.996 [http-nio-8080-exec-3] TRACE o.s.security.web.FilterChainProxy - Invoking HeaderWriterFilter (4/14)
26-06-02 15:47:55.997 [http-nio-8080-exec-7] TRACE o.s.security.web.FilterChainProxy - Invoking SecurityContextHolderFilter (3/14)
26-06-02 15:47:55.997 [http-nio-8080-exec-6] TRACE o.s.security.web.FilterChainProxy - Invoking HeaderWriterFilter (4/14)
26-06-02 15:47:55.997 [http-nio-8080-exec-5] TRACE o.s.security.web.FilterChainProxy - Invoking CsrfFilter (5/14)
26-06-02 15:47:55.997 [http-nio-8080-exec-8] TRACE o.s.security.web.FilterChainProxy - Invoking CsrfFilter (5/14)
26-06-02 15:47:55.997 [http-nio-8080-exec-3] TRACE o.s.security.web.FilterChainProxy - Invoking CsrfFilter (5/14)
26-06-02 15:47:55.997 [http-nio-8080-exec-6] TRACE o.s.security.web.FilterChainProxy - Invoking CsrfFilter (5/14)
26-06-02 15:47:55.997 [http-nio-8080-exec-7] TRACE o.s.security.web.FilterChainProxy - Invoking HeaderWriterFilter (4/14)
26-06-02 15:47:55.997 [http-nio-8080-exec-5] TRACE o.s.s.w.c.CsrfTokenRequestAttributeHandler - Wrote a CSRF token to the following request attributes: [_csrf, org.springframework.security.web.csrf.CsrfToken]
26-06-02 15:47:55.997 [http-nio-8080-exec-8] TRACE o.s.s.w.c.CsrfTokenRequestAttributeHandler - Wrote a CSRF token to the following request attributes: [_csrf, org.springframework.security.web.csrf.CsrfToken]
26-06-02 15:47:55.997 [http-nio-8080-exec-3] TRACE o.s.s.w.c.CsrfTokenRequestAttributeHandler - Wrote a CSRF token to the following request attributes: [_csrf, org.springframework.security.web.csrf.CsrfToken]
26-06-02 15:47:55.997 [http-nio-8080-exec-6] TRACE o.s.s.w.c.CsrfTokenRequestAttributeHandler - Wrote a CSRF token to the following request attributes: [_csrf, org.springframework.security.web.csrf.CsrfToken]
26-06-02 15:47:55.997 [http-nio-8080-exec-7] TRACE o.s.security.web.FilterChainProxy - Invoking CsrfFilter (5/14)
26-06-02 15:47:55.997 [http-nio-8080-exec-6] TRACE o.s.security.web.csrf.CsrfFilter - Did not protect against CSRF since request did not match CsrfNotRequired [TRACE, HEAD, GET, OPTIONS]
26-06-02 15:47:55.997 [http-nio-8080-exec-5] TRACE o.s.security.web.csrf.CsrfFilter - Did not protect against CSRF since request did not match CsrfNotRequired [TRACE, HEAD, GET, OPTIONS]
26-06-02 15:47:55.997 [http-nio-8080-exec-7] TRACE o.s.s.w.c.CsrfTokenRequestAttributeHandler - Wrote a CSRF token to the following request attributes: [_csrf, org.springframework.security.web.csrf.CsrfToken]
26-06-02 15:47:55.997 [http-nio-8080-exec-3] TRACE o.s.security.web.csrf.CsrfFilter - Did not protect against CSRF since request did not match CsrfNotRequired [TRACE, HEAD, GET, OPTIONS]
26-06-02 15:47:55.997 [http-nio-8080-exec-8] TRACE o.s.security.web.csrf.CsrfFilter - Did not protect against CSRF since request did not match CsrfNotRequired [TRACE, HEAD, GET, OPTIONS]
26-06-02 15:47:55.997 [http-nio-8080-exec-6] TRACE o.s.security.web.FilterChainProxy - Invoking LogoutFilter (6/14)
26-06-02 15:47:55.997 [http-nio-8080-exec-5] TRACE o.s.security.web.FilterChainProxy - Invoking LogoutFilter (6/14)
26-06-02 15:47:55.997 [http-nio-8080-exec-7] TRACE o.s.security.web.csrf.CsrfFilter - Did not protect against CSRF since request did not match CsrfNotRequired [TRACE, HEAD, GET, OPTIONS]
26-06-02 15:47:55.997 [http-nio-8080-exec-6] TRACE o.s.s.w.a.logout.LogoutFilter - Did not match request to Ant [pattern='/api/auth/logout', POST]
26-06-02 15:47:55.997 [http-nio-8080-exec-8] TRACE o.s.security.web.FilterChainProxy - Invoking LogoutFilter (6/14)
26-06-02 15:47:55.997 [http-nio-8080-exec-7] TRACE o.s.security.web.FilterChainProxy - Invoking LogoutFilter (6/14)
26-06-02 15:47:55.997 [http-nio-8080-exec-5] TRACE o.s.s.w.a.logout.LogoutFilter - Did not match request to Ant [pattern='/api/auth/logout', POST]
26-06-02 15:47:55.997 [http-nio-8080-exec-6] TRACE o.s.security.web.FilterChainProxy - Invoking JwtAuthenticationFilter (7/14)
26-06-02 15:47:55.997 [http-nio-8080-exec-8] TRACE o.s.s.w.a.logout.LogoutFilter - Did not match request to Ant [pattern='/api/auth/logout', POST]
26-06-02 15:47:55.998 [http-nio-8080-exec-5] TRACE o.s.security.web.FilterChainProxy - Invoking JwtAuthenticationFilter (7/14)
26-06-02 15:47:55.998 [http-nio-8080-exec-8] TRACE o.s.security.web.FilterChainProxy - Invoking JwtAuthenticationFilter (7/14)
26-06-02 15:47:55.998 [http-nio-8080-exec-6] TRACE o.s.security.web.FilterChainProxy - Invoking UsernamePasswordAuthenticationFilter (8/14)
26-06-02 15:47:55.997 [http-nio-8080-exec-3] TRACE o.s.security.web.FilterChainProxy - Invoking LogoutFilter (6/14)
26-06-02 15:47:55.998 [http-nio-8080-exec-6] TRACE o.s.s.w.a.UsernamePasswordAuthenticationFilter - Did not match request to Ant [pattern='/api/auth/login', POST]
26-06-02 15:47:55.997 [http-nio-8080-exec-7] TRACE o.s.s.w.a.logout.LogoutFilter - Did not match request to Ant [pattern='/api/auth/logout', POST]
26-06-02 15:47:55.998 [http-nio-8080-exec-5] TRACE o.s.security.web.FilterChainProxy - Invoking UsernamePasswordAuthenticationFilter (8/14)
26-06-02 15:47:55.998 [http-nio-8080-exec-3] TRACE o.s.s.w.a.logout.LogoutFilter - Did not match request to Ant [pattern='/api/auth/logout', POST]
26-06-02 15:47:55.998 [http-nio-8080-exec-7] TRACE o.s.security.web.FilterChainProxy - Invoking JwtAuthenticationFilter (7/14)
26-06-02 15:47:55.998 [http-nio-8080-exec-8] TRACE o.s.security.web.FilterChainProxy - Invoking UsernamePasswordAuthenticationFilter (8/14)
26-06-02 15:47:55.998 [http-nio-8080-exec-3] TRACE o.s.security.web.FilterChainProxy - Invoking JwtAuthenticationFilter (7/14)
26-06-02 15:47:55.998 [http-nio-8080-exec-5] TRACE o.s.s.w.a.UsernamePasswordAuthenticationFilter - Did not match request to Ant [pattern='/api/auth/login', POST]
26-06-02 15:47:55.998 [http-nio-8080-exec-7] TRACE o.s.security.web.FilterChainProxy - Invoking UsernamePasswordAuthenticationFilter (8/14)
26-06-02 15:47:55.998 [http-nio-8080-exec-8] TRACE o.s.s.w.a.UsernamePasswordAuthenticationFilter - Did not match request to Ant [pattern='/api/auth/login', POST]
26-06-02 15:47:55.998 [http-nio-8080-exec-6] TRACE o.s.security.web.FilterChainProxy - Invoking RequestCacheAwareFilter (9/14)
26-06-02 15:47:55.998 [http-nio-8080-exec-5] TRACE o.s.security.web.FilterChainProxy - Invoking RequestCacheAwareFilter (9/14)
26-06-02 15:47:55.998 [http-nio-8080-exec-7] TRACE o.s.s.w.a.UsernamePasswordAuthenticationFilter - Did not match request to Ant [pattern='/api/auth/login', POST]
26-06-02 15:47:55.999 [http-nio-8080-exec-3] TRACE o.s.security.web.FilterChainProxy - Invoking UsernamePasswordAuthenticationFilter (8/14)
26-06-02 15:47:55.999 [http-nio-8080-exec-8] TRACE o.s.security.web.FilterChainProxy - Invoking RequestCacheAwareFilter (9/14)
26-06-02 15:47:55.999 [http-nio-8080-exec-7] TRACE o.s.security.web.FilterChainProxy - Invoking RequestCacheAwareFilter (9/14)
26-06-02 15:47:55.999 [http-nio-8080-exec-3] TRACE o.s.s.w.a.UsernamePasswordAuthenticationFilter - Did not match request to Ant [pattern='/api/auth/login', POST]
26-06-02 15:47:55.999 [http-nio-8080-exec-6] TRACE o.s.security.web.FilterChainProxy - Invoking SecurityContextHolderAwareRequestFilter (10/14)
26-06-02 15:47:55.999 [http-nio-8080-exec-7] TRACE o.s.security.web.FilterChainProxy - Invoking SecurityContextHolderAwareRequestFilter (10/14)
26-06-02 15:47:55.999 [http-nio-8080-exec-8] TRACE o.s.security.web.FilterChainProxy - Invoking SecurityContextHolderAwareRequestFilter (10/14)
26-06-02 15:47:55.999 [http-nio-8080-exec-3] TRACE o.s.security.web.FilterChainProxy - Invoking RequestCacheAwareFilter (9/14)
26-06-02 15:47:55.999 [http-nio-8080-exec-5] TRACE o.s.security.web.FilterChainProxy - Invoking SecurityContextHolderAwareRequestFilter (10/14)
26-06-02 15:47:55.999 [http-nio-8080-exec-6] TRACE o.s.security.web.FilterChainProxy - Invoking AnonymousAuthenticationFilter (11/14)
26-06-02 15:47:55.999 [http-nio-8080-exec-8] TRACE o.s.security.web.FilterChainProxy - Invoking AnonymousAuthenticationFilter (11/14)
26-06-02 15:47:55.999 [http-nio-8080-exec-7] TRACE o.s.security.web.FilterChainProxy - Invoking AnonymousAuthenticationFilter (11/14)
26-06-02 15:47:55.999 [http-nio-8080-exec-3] TRACE o.s.security.web.FilterChainProxy - Invoking SecurityContextHolderAwareRequestFilter (10/14)
26-06-02 15:47:55.999 [http-nio-8080-exec-5] TRACE o.s.security.web.FilterChainProxy - Invoking AnonymousAuthenticationFilter (11/14)
26-06-02 15:47:55.999 [http-nio-8080-exec-8] TRACE o.s.security.web.FilterChainProxy - Invoking SessionManagementFilter (12/14)
26-06-02 15:47:55.999 [http-nio-8080-exec-6] TRACE o.s.security.web.FilterChainProxy - Invoking SessionManagementFilter (12/14)
26-06-02 15:47:55.999 [http-nio-8080-exec-7] TRACE o.s.security.web.FilterChainProxy - Invoking SessionManagementFilter (12/14)
26-06-02 15:47:55.999 [http-nio-8080-exec-3] TRACE o.s.security.web.FilterChainProxy - Invoking AnonymousAuthenticationFilter (11/14)
26-06-02 15:47:56.000 [http-nio-8080-exec-7] TRACE o.s.s.w.c.SupplierDeferredSecurityContext - Created SecurityContextImpl [Null authentication]
26-06-02 15:47:56.000 [http-nio-8080-exec-5] TRACE o.s.security.web.FilterChainProxy - Invoking SessionManagementFilter (12/14)
26-06-02 15:47:56.000 [http-nio-8080-exec-7] TRACE o.s.s.w.a.AnonymousAuthenticationFilter - Set SecurityContextHolder to AnonymousAuthenticationToken [Principal=anonymousUser, Credentials=[PROTECTED], Authenticated=true, Details=WebAuthenticationDetails [RemoteIpAddress=0:0:0:0:0:0:0:1, SessionId=null], Granted Authorities=[ROLE_ANONYMOUS]]
26-06-02 15:47:56.000 [http-nio-8080-exec-5] TRACE o.s.s.w.c.SupplierDeferredSecurityContext - Created SecurityContextImpl [Null authentication]
26-06-02 15:47:56.000 [http-nio-8080-exec-7] TRACE o.s.security.web.FilterChainProxy - Invoking ExceptionTranslationFilter (13/14)
26-06-02 15:47:56.000 [http-nio-8080-exec-5] TRACE o.s.s.w.a.AnonymousAuthenticationFilter - Set SecurityContextHolder to AnonymousAuthenticationToken [Principal=anonymousUser, Credentials=[PROTECTED], Authenticated=true, Details=WebAuthenticationDetails [RemoteIpAddress=0:0:0:0:0:0:0:1, SessionId=null], Granted Authorities=[ROLE_ANONYMOUS]]
26-06-02 15:47:56.000 [http-nio-8080-exec-5] TRACE o.s.security.web.FilterChainProxy - Invoking ExceptionTranslationFilter (13/14)
26-06-02 15:47:56.000 [http-nio-8080-exec-7] TRACE o.s.security.web.FilterChainProxy - Invoking AuthorizationFilter (14/14)
26-06-02 15:47:56.000 [http-nio-8080-exec-5] TRACE o.s.security.web.FilterChainProxy - Invoking AuthorizationFilter (14/14)
26-06-02 15:47:56.000 [http-nio-8080-exec-6] TRACE o.s.s.w.c.SupplierDeferredSecurityContext - Created SecurityContextImpl [Null authentication]
26-06-02 15:47:56.000 [http-nio-8080-exec-8] TRACE o.s.s.w.c.SupplierDeferredSecurityContext - Created SecurityContextImpl [Null authentication]
26-06-02 15:47:56.000 [http-nio-8080-exec-7] TRACE o.s.s.w.a.i.RequestMatcherDelegatingAuthorizationManager - Authorizing GET /swagger-ui/swagger-ui-standalone-preset.js
26-06-02 15:47:56.000 [http-nio-8080-exec-6] TRACE o.s.s.w.a.AnonymousAuthenticationFilter - Set SecurityContextHolder to AnonymousAuthenticationToken [Principal=anonymousUser, Credentials=[PROTECTED], Authenticated=true, Details=WebAuthenticationDetails [RemoteIpAddress=0:0:0:0:0:0:0:1, SessionId=null], Granted Authorities=[ROLE_ANONYMOUS]]
26-06-02 15:47:56.000 [http-nio-8080-exec-5] TRACE o.s.s.w.a.i.RequestMatcherDelegatingAuthorizationManager - Authorizing GET /swagger-ui/swagger-ui.css
26-06-02 15:47:56.001 [http-nio-8080-exec-8] TRACE o.s.s.w.a.AnonymousAuthenticationFilter - Set SecurityContextHolder to AnonymousAuthenticationToken [Principal=anonymousUser, Credentials=[PROTECTED], Authenticated=true, Details=WebAuthenticationDetails [RemoteIpAddress=0:0:0:0:0:0:0:1, SessionId=null], Granted Authorities=[ROLE_ANONYMOUS]]
26-06-02 15:47:56.001 [http-nio-8080-exec-6] TRACE o.s.security.web.FilterChainProxy - Invoking ExceptionTranslationFilter (13/14)
26-06-02 15:47:56.001 [http-nio-8080-exec-3] TRACE o.s.security.web.FilterChainProxy - Invoking SessionManagementFilter (12/14)
26-06-02 15:47:56.001 [http-nio-8080-exec-7] TRACE o.s.s.w.a.i.RequestMatcherDelegatingAuthorizationManager - Checking authorization on GET /swagger-ui/swagger-ui-standalone-preset.js using org.springframework.security.authorization.SingleResultAuthorizationManager@3088d326
26-06-02 15:47:56.001 [http-nio-8080-exec-3] TRACE o.s.s.w.c.SupplierDeferredSecurityContext - Created SecurityContextImpl [Null authentication]
26-06-02 15:47:56.001 [http-nio-8080-exec-6] TRACE o.s.security.web.FilterChainProxy - Invoking AuthorizationFilter (14/14)
26-06-02 15:47:56.001 [http-nio-8080-exec-8] TRACE o.s.security.web.FilterChainProxy - Invoking ExceptionTranslationFilter (13/14)
26-06-02 15:47:56.001 [http-nio-8080-exec-5] TRACE o.s.s.w.a.i.RequestMatcherDelegatingAuthorizationManager - Checking authorization on GET /swagger-ui/swagger-ui.css using org.springframework.security.authorization.SingleResultAuthorizationManager@3088d326
26-06-02 15:47:56.001 [http-nio-8080-exec-3] TRACE o.s.s.w.a.AnonymousAuthenticationFilter - Set SecurityContextHolder to AnonymousAuthenticationToken [Principal=anonymousUser, Credentials=[PROTECTED], Authenticated=true, Details=WebAuthenticationDetails [RemoteIpAddress=0:0:0:0:0:0:0:1, SessionId=null], Granted Authorities=[ROLE_ANONYMOUS]]
26-06-02 15:47:56.001 [http-nio-8080-exec-8] TRACE o.s.security.web.FilterChainProxy - Invoking AuthorizationFilter (14/14)
26-06-02 15:47:56.001 [http-nio-8080-exec-6] TRACE o.s.s.w.a.i.RequestMatcherDelegatingAuthorizationManager - Authorizing GET /swagger-ui/swagger-ui-bundle.js
26-06-02 15:47:56.001 [http-nio-8080-exec-3] TRACE o.s.security.web.FilterChainProxy - Invoking ExceptionTranslationFilter (13/14)
26-06-02 15:47:56.001 [http-nio-8080-exec-7] DEBUG o.s.security.web.FilterChainProxy - Secured GET /swagger-ui/swagger-ui-standalone-preset.js
26-06-02 15:47:56.001 [http-nio-8080-exec-5] DEBUG o.s.security.web.FilterChainProxy - Secured GET /swagger-ui/swagger-ui.css
26-06-02 15:47:56.001 [http-nio-8080-exec-3] TRACE o.s.security.web.FilterChainProxy - Invoking AuthorizationFilter (14/14)
26-06-02 15:47:56.001 [http-nio-8080-exec-6] TRACE o.s.s.w.a.i.RequestMatcherDelegatingAuthorizationManager - Checking authorization on GET /swagger-ui/swagger-ui-bundle.js using org.springframework.security.authorization.SingleResultAuthorizationManager@3088d326
26-06-02 15:47:56.001 [http-nio-8080-exec-8] TRACE o.s.s.w.a.i.RequestMatcherDelegatingAuthorizationManager - Authorizing GET /swagger-ui/swagger-initializer.js
26-06-02 15:47:56.002 [http-nio-8080-exec-3] TRACE o.s.s.w.a.i.RequestMatcherDelegatingAuthorizationManager - Authorizing GET /swagger-ui/index.css
26-06-02 15:47:56.002 [http-nio-8080-exec-8] TRACE o.s.s.w.a.i.RequestMatcherDelegatingAuthorizationManager - Checking authorization on GET /swagger-ui/swagger-initializer.js using org.springframework.security.authorization.SingleResultAuthorizationManager@3088d326
26-06-02 15:47:56.002 [http-nio-8080-exec-3] TRACE o.s.s.w.a.i.RequestMatcherDelegatingAuthorizationManager - Checking authorization on GET /swagger-ui/index.css using org.springframework.security.authorization.SingleResultAuthorizationManager@3088d326
26-06-02 15:47:56.002 [http-nio-8080-exec-3] DEBUG o.s.security.web.FilterChainProxy - Secured GET /swagger-ui/index.css
26-06-02 15:47:56.002 [http-nio-8080-exec-8] DEBUG o.s.security.web.FilterChainProxy - Secured GET /swagger-ui/swagger-initializer.js
26-06-02 15:47:56.002 [http-nio-8080-exec-6] DEBUG o.s.security.web.FilterChainProxy - Secured GET /swagger-ui/swagger-ui-bundle.js
26-06-02 15:47:56.006 [http-nio-8080-exec-7] TRACE o.s.s.w.h.writers.HstsHeaderWriter - Not injecting HSTS header since it did not match request to [Is Secure]
26-06-02 15:47:56.007 [http-nio-8080-exec-3] TRACE o.s.s.w.h.writers.HstsHeaderWriter - Not injecting HSTS header since it did not match request to [Is Secure]
26-06-02 15:47:56.007 [http-nio-8080-exec-5] TRACE o.s.s.w.h.writers.HstsHeaderWriter - Not injecting HSTS header since it did not match request to [Is Secure]
26-06-02 15:47:56.007 [http-nio-8080-exec-6] TRACE o.s.s.w.h.writers.HstsHeaderWriter - Not injecting HSTS header since it did not match request to [Is Secure]
26-06-02 15:47:56.030 [http-nio-8080-exec-8] TRACE o.s.s.w.h.writers.HstsHeaderWriter - Not injecting HSTS header since it did not match request to [Is Secure]
26-06-02 15:47:56.177 [http-nio-8080-exec-10] TRACE o.s.security.web.FilterChainProxy - Trying to match request against DefaultSecurityFilterChain defined as 'filterChain' in [class path resource [com/sprint/mission/discodeit/config/SecurityConfig.class]] matching [any request] and having filters [DisableEncodeUrl, WebAsyncManagerIntegration, SecurityContextHolder, HeaderWriter, Csrf, Logout, JwtAuthentication, UsernamePasswordAuthentication, RequestCacheAware, SecurityContextHolderAwareRequest, AnonymousAuthentication, SessionManagement, ExceptionTranslation, Authorization] (1/1)
26-06-02 15:47:56.177 [http-nio-8080-exec-10] DEBUG o.s.security.web.FilterChainProxy - Securing GET /v3/api-docs/swagger-config
26-06-02 15:47:56.177 [http-nio-8080-exec-10] TRACE o.s.security.web.FilterChainProxy - Invoking DisableEncodeUrlFilter (1/14)
26-06-02 15:47:56.178 [http-nio-8080-exec-10] TRACE o.s.security.web.FilterChainProxy - Invoking WebAsyncManagerIntegrationFilter (2/14)
26-06-02 15:47:56.178 [http-nio-8080-exec-10] TRACE o.s.security.web.FilterChainProxy - Invoking SecurityContextHolderFilter (3/14)
26-06-02 15:47:56.178 [http-nio-8080-exec-10] TRACE o.s.security.web.FilterChainProxy - Invoking HeaderWriterFilter (4/14)
26-06-02 15:47:56.178 [http-nio-8080-exec-10] TRACE o.s.security.web.FilterChainProxy - Invoking CsrfFilter (5/14)
26-06-02 15:47:56.178 [http-nio-8080-exec-10] TRACE o.s.s.w.c.CsrfTokenRequestAttributeHandler - Wrote a CSRF token to the following request attributes: [_csrf, org.springframework.security.web.csrf.CsrfToken]
26-06-02 15:47:56.178 [http-nio-8080-exec-10] TRACE o.s.security.web.csrf.CsrfFilter - Did not protect against CSRF since request did not match CsrfNotRequired [TRACE, HEAD, GET, OPTIONS]
26-06-02 15:47:56.178 [http-nio-8080-exec-10] TRACE o.s.security.web.FilterChainProxy - Invoking LogoutFilter (6/14)
26-06-02 15:47:56.179 [http-nio-8080-exec-10] TRACE o.s.s.w.a.logout.LogoutFilter - Did not match request to Ant [pattern='/api/auth/logout', POST]
26-06-02 15:47:56.179 [http-nio-8080-exec-10] TRACE o.s.security.web.FilterChainProxy - Invoking JwtAuthenticationFilter (7/14)
26-06-02 15:47:56.179 [http-nio-8080-exec-10] TRACE o.s.security.web.FilterChainProxy - Invoking UsernamePasswordAuthenticationFilter (8/14)
26-06-02 15:47:56.179 [http-nio-8080-exec-10] TRACE o.s.s.w.a.UsernamePasswordAuthenticationFilter - Did not match request to Ant [pattern='/api/auth/login', POST]
26-06-02 15:47:56.179 [http-nio-8080-exec-10] TRACE o.s.security.web.FilterChainProxy - Invoking RequestCacheAwareFilter (9/14)
26-06-02 15:47:56.179 [http-nio-8080-exec-10] TRACE o.s.security.web.FilterChainProxy - Invoking SecurityContextHolderAwareRequestFilter (10/14)
26-06-02 15:47:56.179 [http-nio-8080-exec-10] TRACE o.s.security.web.FilterChainProxy - Invoking AnonymousAuthenticationFilter (11/14)
26-06-02 15:47:56.179 [http-nio-8080-exec-10] TRACE o.s.security.web.FilterChainProxy - Invoking SessionManagementFilter (12/14)
26-06-02 15:47:56.179 [http-nio-8080-exec-10] TRACE o.s.s.w.c.SupplierDeferredSecurityContext - Created SecurityContextImpl [Null authentication]
26-06-02 15:47:56.179 [http-nio-8080-exec-10] TRACE o.s.s.w.a.AnonymousAuthenticationFilter - Set SecurityContextHolder to AnonymousAuthenticationToken [Principal=anonymousUser, Credentials=[PROTECTED], Authenticated=true, Details=WebAuthenticationDetails [RemoteIpAddress=0:0:0:0:0:0:0:1, SessionId=null], Granted Authorities=[ROLE_ANONYMOUS]]
26-06-02 15:47:56.179 [http-nio-8080-exec-10] TRACE o.s.security.web.FilterChainProxy - Invoking ExceptionTranslationFilter (13/14)
26-06-02 15:47:56.179 [http-nio-8080-exec-10] TRACE o.s.security.web.FilterChainProxy - Invoking AuthorizationFilter (14/14)
26-06-02 15:47:56.180 [http-nio-8080-exec-10] TRACE o.s.s.w.a.i.RequestMatcherDelegatingAuthorizationManager - Authorizing GET /v3/api-docs/swagger-config
26-06-02 15:47:56.180 [http-nio-8080-exec-10] TRACE o.s.s.w.a.i.RequestMatcherDelegatingAuthorizationManager - Checking authorization on GET /v3/api-docs/swagger-config using org.springframework.security.authorization.SingleResultAuthorizationManager@3088d326
26-06-02 15:47:56.180 [http-nio-8080-exec-10] DEBUG o.s.security.web.FilterChainProxy - Secured GET /v3/api-docs/swagger-config
26-06-02 15:47:56.207 [http-nio-8080-exec-10] TRACE o.s.s.w.h.writers.HstsHeaderWriter - Not injecting HSTS header since it did not match request to [Is Secure]
26-06-02 15:47:56.218 [http-nio-8080-exec-9] TRACE o.s.security.web.FilterChainProxy - Trying to match request against DefaultSecurityFilterChain defined as 'filterChain' in [class path resource [com/sprint/mission/discodeit/config/SecurityConfig.class]] matching [any request] and having filters [DisableEncodeUrl, WebAsyncManagerIntegration, SecurityContextHolder, HeaderWriter, Csrf, Logout, JwtAuthentication, UsernamePasswordAuthentication, RequestCacheAware, SecurityContextHolderAwareRequest, AnonymousAuthentication, SessionManagement, ExceptionTranslation, Authorization] (1/1)
26-06-02 15:47:56.218 [http-nio-8080-exec-9] DEBUG o.s.security.web.FilterChainProxy - Securing GET /v3/api-docs
26-06-02 15:47:56.218 [http-nio-8080-exec-9] TRACE o.s.security.web.FilterChainProxy - Invoking DisableEncodeUrlFilter (1/14)
26-06-02 15:47:56.218 [http-nio-8080-exec-9] TRACE o.s.security.web.FilterChainProxy - Invoking WebAsyncManagerIntegrationFilter (2/14)
26-06-02 15:47:56.218 [http-nio-8080-exec-9] TRACE o.s.security.web.FilterChainProxy - Invoking SecurityContextHolderFilter (3/14)
26-06-02 15:47:56.219 [http-nio-8080-exec-9] TRACE o.s.security.web.FilterChainProxy - Invoking HeaderWriterFilter (4/14)
26-06-02 15:47:56.219 [http-nio-8080-exec-9] TRACE o.s.security.web.FilterChainProxy - Invoking CsrfFilter (5/14)
26-06-02 15:47:56.219 [http-nio-8080-exec-9] TRACE o.s.s.w.c.CsrfTokenRequestAttributeHandler - Wrote a CSRF token to the following request attributes: [_csrf, org.springframework.security.web.csrf.CsrfToken]
26-06-02 15:47:56.219 [http-nio-8080-exec-9] TRACE o.s.security.web.csrf.CsrfFilter - Did not protect against CSRF since request did not match CsrfNotRequired [TRACE, HEAD, GET, OPTIONS]
26-06-02 15:47:56.219 [http-nio-8080-exec-9] TRACE o.s.security.web.FilterChainProxy - Invoking LogoutFilter (6/14)
26-06-02 15:47:56.219 [http-nio-8080-exec-9] TRACE o.s.s.w.a.logout.LogoutFilter - Did not match request to Ant [pattern='/api/auth/logout', POST]
26-06-02 15:47:56.219 [http-nio-8080-exec-9] TRACE o.s.security.web.FilterChainProxy - Invoking JwtAuthenticationFilter (7/14)
26-06-02 15:47:56.219 [http-nio-8080-exec-9] TRACE o.s.security.web.FilterChainProxy - Invoking UsernamePasswordAuthenticationFilter (8/14)
26-06-02 15:47:56.219 [http-nio-8080-exec-9] TRACE o.s.s.w.a.UsernamePasswordAuthenticationFilter - Did not match request to Ant [pattern='/api/auth/login', POST]
26-06-02 15:47:56.219 [http-nio-8080-exec-9] TRACE o.s.security.web.FilterChainProxy - Invoking RequestCacheAwareFilter (9/14)
26-06-02 15:47:56.220 [http-nio-8080-exec-9] TRACE o.s.security.web.FilterChainProxy - Invoking SecurityContextHolderAwareRequestFilter (10/14)
26-06-02 15:47:56.220 [http-nio-8080-exec-9] TRACE o.s.security.web.FilterChainProxy - Invoking AnonymousAuthenticationFilter (11/14)
26-06-02 15:47:56.220 [http-nio-8080-exec-9] TRACE o.s.security.web.FilterChainProxy - Invoking SessionManagementFilter (12/14)
26-06-02 15:47:56.220 [http-nio-8080-exec-9] TRACE o.s.s.w.c.SupplierDeferredSecurityContext - Created SecurityContextImpl [Null authentication]
26-06-02 15:47:56.220 [http-nio-8080-exec-9] TRACE o.s.s.w.a.AnonymousAuthenticationFilter - Set SecurityContextHolder to AnonymousAuthenticationToken [Principal=anonymousUser, Credentials=[PROTECTED], Authenticated=true, Details=WebAuthenticationDetails [RemoteIpAddress=0:0:0:0:0:0:0:1, SessionId=null], Granted Authorities=[ROLE_ANONYMOUS]]
26-06-02 15:47:56.220 [http-nio-8080-exec-9] TRACE o.s.security.web.FilterChainProxy - Invoking ExceptionTranslationFilter (13/14)
26-06-02 15:47:56.220 [http-nio-8080-exec-9] TRACE o.s.security.web.FilterChainProxy - Invoking AuthorizationFilter (14/14)
26-06-02 15:47:56.221 [http-nio-8080-exec-9] TRACE o.s.s.w.a.i.RequestMatcherDelegatingAuthorizationManager - Authorizing GET /v3/api-docs
26-06-02 15:47:56.221 [http-nio-8080-exec-9] TRACE o.s.s.w.a.i.RequestMatcherDelegatingAuthorizationManager - Checking authorization on GET /v3/api-docs using org.springframework.security.authorization.SingleResultAuthorizationManager@3088d326
26-06-02 15:47:56.221 [http-nio-8080-exec-9] DEBUG o.s.security.web.FilterChainProxy - Secured GET /v3/api-docs
26-06-02 15:47:56.817 [http-nio-8080-exec-9] INFO  o.s.api.AbstractOpenApiResource - Init duration for springdoc-openapi is: 582 ms
26-06-02 15:47:56.836 [http-nio-8080-exec-9] TRACE o.s.s.w.h.writers.HstsHeaderWriter - Not injecting HSTS header since it did not match request to [Is Secure]
26-06-02 16:33:01.772 [http-nio-8080-exec-8] INFO  o.a.coyote.http11.Http11Processor - Error parsing HTTP request header
 Note: further occurrences of HTTP request parsing errors will be logged at DEBUG level.
java.lang.IllegalArgumentException: Invalid character found in method name [MGLNDD_121.190.184.84_80800x0a...]. HTTP method names must be tokens
	at org.apache.coyote.http11.Http11InputBuffer.parseRequestLine(Http11InputBuffer.java:402)
	at org.apache.coyote.http11.Http11Processor.service(Http11Processor.java:272)
	at org.apache.coyote.AbstractProcessorLight.process(AbstractProcessorLight.java:63)
	at org.apache.coyote.AbstractProtocol$ConnectionHandler.process(AbstractProtocol.java:903)
	at org.apache.tomcat.util.net.NioEndpoint$SocketProcessor.doRun(NioEndpoint.java:1774)
	at org.apache.tomcat.util.net.SocketProcessorBase.run(SocketProcessorBase.java:52)
	at org.apache.tomcat.util.threads.ThreadPoolExecutor.runWorker(ThreadPoolExecutor.java:973)
	at org.apache.tomcat.util.threads.ThreadPoolExecutor$Worker.run(ThreadPoolExecutor.java:491)
	at org.apache.tomcat.util.threads.TaskThread$WrappingRunnable.run(TaskThread.java:63)
	at java.base/java.lang.Thread.run(Thread.java:840)
26-06-02 17:25:06.583 [http-nio-8080-exec-1] TRACE o.s.security.web.FilterChainProxy - Trying to match request against DefaultSecurityFilterChain defined as 'filterChain' in [class path resource [com/sprint/mission/discodeit/config/SecurityConfig.class]] matching [any request] and having filters [DisableEncodeUrl, WebAsyncManagerIntegration, SecurityContextHolder, HeaderWriter, Csrf, Logout, JwtAuthentication, UsernamePasswordAuthentication, RequestCacheAware, SecurityContextHolderAwareRequest, AnonymousAuthentication, SessionManagement, ExceptionTranslation, Authorization] (1/1)
26-06-02 17:25:06.584 [http-nio-8080-exec-1] DEBUG o.s.security.web.FilterChainProxy - Securing GET /login
26-06-02 17:25:06.585 [http-nio-8080-exec-1] TRACE o.s.security.web.FilterChainProxy - Invoking DisableEncodeUrlFilter (1/14)
26-06-02 17:25:06.586 [http-nio-8080-exec-1] TRACE o.s.security.web.FilterChainProxy - Invoking WebAsyncManagerIntegrationFilter (2/14)
26-06-02 17:25:06.586 [http-nio-8080-exec-1] TRACE o.s.security.web.FilterChainProxy - Invoking SecurityContextHolderFilter (3/14)
26-06-02 17:25:06.587 [http-nio-8080-exec-1] TRACE o.s.security.web.FilterChainProxy - Invoking HeaderWriterFilter (4/14)
26-06-02 17:25:06.587 [http-nio-8080-exec-1] TRACE o.s.security.web.FilterChainProxy - Invoking CsrfFilter (5/14)
26-06-02 17:25:06.588 [http-nio-8080-exec-1] TRACE o.s.s.w.c.CsrfTokenRequestAttributeHandler - Wrote a CSRF token to the following request attributes: [_csrf, org.springframework.security.web.csrf.CsrfToken]
26-06-02 17:25:06.589 [http-nio-8080-exec-1] TRACE o.s.security.web.csrf.CsrfFilter - Did not protect against CSRF since request did not match CsrfNotRequired [TRACE, HEAD, GET, OPTIONS]
26-06-02 17:25:06.589 [http-nio-8080-exec-1] TRACE o.s.security.web.FilterChainProxy - Invoking LogoutFilter (6/14)
26-06-02 17:25:06.589 [http-nio-8080-exec-1] TRACE o.s.s.w.a.logout.LogoutFilter - Did not match request to Ant [pattern='/api/auth/logout', POST]
26-06-02 17:25:06.590 [http-nio-8080-exec-1] TRACE o.s.security.web.FilterChainProxy - Invoking JwtAuthenticationFilter (7/14)
26-06-02 17:25:06.590 [http-nio-8080-exec-1] TRACE o.s.security.web.FilterChainProxy - Invoking UsernamePasswordAuthenticationFilter (8/14)
26-06-02 17:25:06.590 [http-nio-8080-exec-1] TRACE o.s.s.w.a.UsernamePasswordAuthenticationFilter - Did not match request to Ant [pattern='/api/auth/login', POST]
26-06-02 17:25:06.590 [http-nio-8080-exec-1] TRACE o.s.security.web.FilterChainProxy - Invoking RequestCacheAwareFilter (9/14)
26-06-02 17:25:06.590 [http-nio-8080-exec-1] TRACE o.s.security.web.FilterChainProxy - Invoking SecurityContextHolderAwareRequestFilter (10/14)
26-06-02 17:25:06.590 [http-nio-8080-exec-1] TRACE o.s.security.web.FilterChainProxy - Invoking AnonymousAuthenticationFilter (11/14)
26-06-02 17:25:06.591 [http-nio-8080-exec-1] TRACE o.s.security.web.FilterChainProxy - Invoking SessionManagementFilter (12/14)
26-06-02 17:25:06.591 [http-nio-8080-exec-1] TRACE o.s.s.w.c.SupplierDeferredSecurityContext - Created SecurityContextImpl [Null authentication]
26-06-02 17:25:06.591 [http-nio-8080-exec-1] TRACE o.s.s.w.a.AnonymousAuthenticationFilter - Set SecurityContextHolder to AnonymousAuthenticationToken [Principal=anonymousUser, Credentials=[PROTECTED], Authenticated=true, Details=WebAuthenticationDetails [RemoteIpAddress=185.226.93.242, SessionId=null], Granted Authorities=[ROLE_ANONYMOUS]]
26-06-02 17:25:06.591 [http-nio-8080-exec-1] TRACE o.s.security.web.FilterChainProxy - Invoking ExceptionTranslationFilter (13/14)
26-06-02 17:25:06.592 [http-nio-8080-exec-1] TRACE o.s.security.web.FilterChainProxy - Invoking AuthorizationFilter (14/14)
26-06-02 17:25:06.592 [http-nio-8080-exec-1] TRACE o.s.s.w.a.i.RequestMatcherDelegatingAuthorizationManager - Authorizing GET /login
26-06-02 17:25:06.592 [http-nio-8080-exec-1] TRACE o.s.s.w.a.i.RequestMatcherDelegatingAuthorizationManager - Checking authorization on GET /login using org.springframework.security.authorization.AuthenticatedAuthorizationManager@12cba707
26-06-02 17:25:06.623 [http-nio-8080-exec-1] TRACE o.s.s.w.a.ExceptionTranslationFilter - Sending AnonymousAuthenticationToken [Principal=anonymousUser, Credentials=[PROTECTED], Authenticated=true, Details=WebAuthenticationDetails [RemoteIpAddress=185.226.93.242, SessionId=null], Granted Authorities=[ROLE_ANONYMOUS]] to authentication entry point since access is denied
org.springframework.security.authorization.AuthorizationDeniedException: Access Denied
	at org.springframework.security.web.access.intercept.AuthorizationFilter.doFilter(AuthorizationFilter.java:99)
	at org.springframework.security.web.ObservationFilterChainDecorator$ObservationFilter.wrapFilter(ObservationFilterChainDecorator.java:241)
	at org.springframework.security.web.ObservationFilterChainDecorator$ObservationFilter.doFilter(ObservationFilterChainDecorator.java:228)
	at org.springframework.security.web.ObservationFilterChainDecorator$VirtualFilterChain.doFilter(ObservationFilterChainDecorator.java:138)
	at org.springframework.security.web.access.ExceptionTranslationFilter.doFilter(ExceptionTranslationFilter.java:125)
	at org.springframework.security.web.access.ExceptionTranslationFilter.doFilter(ExceptionTranslationFilter.java:119)
	at org.springframework.security.web.ObservationFilterChainDecorator$ObservationFilter.wrapFilter(ObservationFilterChainDecorator.java:241)
	at org.springframework.security.web.ObservationFilterChainDecorator$ObservationFilter.doFilter(ObservationFilterChainDecorator.java:228)
	at org.springframework.security.web.ObservationFilterChainDecorator$VirtualFilterChain.doFilter(ObservationFilterChainDecorator.java:138)
	at org.springframework.security.web.session.SessionManagementFilter.doFilter(SessionManagementFilter.java:131)
	at org.springframework.security.web.session.SessionManagementFilter.doFilter(SessionManagementFilter.java:85)
	at org.springframework.security.web.ObservationFilterChainDecorator$ObservationFilter.wrapFilter(ObservationFilterChainDecorator.java:241)
	at org.springframework.security.web.ObservationFilterChainDecorator$ObservationFilter.doFilter(ObservationFilterChainDecorator.java:228)
	at org.springframework.security.web.ObservationFilterChainDecorator$VirtualFilterChain.doFilter(ObservationFilterChainDecorator.java:138)
	at org.springframework.security.web.authentication.AnonymousAuthenticationFilter.doFilter(AnonymousAuthenticationFilter.java:100)
	at org.springframework.security.web.ObservationFilterChainDecorator$ObservationFilter.wrapFilter(ObservationFilterChainDecorator.java:241)
	at org.springframework.security.web.ObservationFilterChainDecorator$ObservationFilter.doFilter(ObservationFilterChainDecorator.java:228)
	at org.springframework.security.web.ObservationFilterChainDecorator$VirtualFilterChain.doFilter(ObservationFilterChainDecorator.java:138)
	at org.springframework.security.web.servletapi.SecurityContextHolderAwareRequestFilter.doFilter(SecurityContextHolderAwareRequestFilter.java:179)
	at org.springframework.security.web.ObservationFilterChainDecorator$ObservationFilter.wrapFilter(ObservationFilterChainDecorator.java:241)
	at org.springframework.security.web.ObservationFilterChainDecorator$ObservationFilter.doFilter(ObservationFilterChainDecorator.java:228)
	at org.springframework.security.web.ObservationFilterChainDecorator$VirtualFilterChain.doFilter(ObservationFilterChainDecorator.java:138)
	at org.springframework.security.web.savedrequest.RequestCacheAwareFilter.doFilter(RequestCacheAwareFilter.java:63)
	at org.springframework.security.web.ObservationFilterChainDecorator$ObservationFilter.wrapFilter(ObservationFilterChainDecorator.java:241)
	at org.springframework.security.web.ObservationFilterChainDecorator$ObservationFilter.doFilter(ObservationFilterChainDecorator.java:228)
	at org.springframework.security.web.ObservationFilterChainDecorator$VirtualFilterChain.doFilter(ObservationFilterChainDecorator.java:138)
	at org.springframework.security.web.authentication.AbstractAuthenticationProcessingFilter.doFilter(AbstractAuthenticationProcessingFilter.java:235)
	at org.springframework.security.web.authentication.AbstractAuthenticationProcessingFilter.doFilter(AbstractAuthenticationProcessingFilter.java:229)
	at org.springframework.security.web.ObservationFilterChainDecorator$ObservationFilter.wrapFilter(ObservationFilterChainDecorator.java:241)
	at org.springframework.security.web.ObservationFilterChainDecorator$ObservationFilter.doFilter(ObservationFilterChainDecorator.java:228)
	at org.springframework.security.web.ObservationFilterChainDecorator$VirtualFilterChain.doFilter(ObservationFilterChainDecorator.java:138)
	at com.sprint.mission.discodeit.security.JwtAuthenticationFilter.doFilterInternal(JwtAuthenticationFilter.java:51)
	at org.springframework.web.filter.OncePerRequestFilter.doFilter(OncePerRequestFilter.java:116)
	at org.springframework.security.web.ObservationFilterChainDecorator$ObservationFilter.wrapFilter(ObservationFilterChainDecorator.java:241)
	at org.springframework.security.web.ObservationFilterChainDecorator$ObservationFilter.doFilter(ObservationFilterChainDecorator.java:228)
	at org.springframework.security.web.ObservationFilterChainDecorator$VirtualFilterChain.doFilter(ObservationFilterChainDecorator.java:138)
	at org.springframework.security.web.authentication.logout.LogoutFilter.doFilter(LogoutFilter.java:107)
	at org.springframework.security.web.authentication.logout.LogoutFilter.doFilter(LogoutFilter.java:93)
	at org.springframework.security.web.ObservationFilterChainDecorator$ObservationFilter.wrapFilter(ObservationFilterChainDecorator.java:241)
	at org.springframework.security.web.ObservationFilterChainDecorator$ObservationFilter.doFilter(ObservationFilterChainDecorator.java:228)
	at org.springframework.security.web.ObservationFilterChainDecorator$VirtualFilterChain.doFilter(ObservationFilterChainDecorator.java:138)
	at org.springframework.security.web.csrf.CsrfFilter.doFilterInternal(CsrfFilter.java:117)
	at org.springframework.web.filter.OncePerRequestFilter.doFilter(OncePerRequestFilter.java:116)
	at org.springframework.security.web.ObservationFilterChainDecorator$ObservationFilter.wrapFilter(ObservationFilterChainDecorator.java:241)
	at org.springframework.security.web.ObservationFilterChainDecorator$ObservationFilter.doFilter(ObservationFilterChainDecorator.java:228)
	at org.springframework.security.web.ObservationFilterChainDecorator$VirtualFilterChain.doFilter(ObservationFilterChainDecorator.java:138)
	at org.springframework.security.web.header.HeaderWriterFilter.doHeadersAfter(HeaderWriterFilter.java:90)
	at org.springframework.security.web.header.HeaderWriterFilter.doFilterInternal(HeaderWriterFilter.java:75)
	at org.springframework.web.filter.OncePerRequestFilter.doFilter(OncePerRequestFilter.java:116)
	at org.springframework.security.web.ObservationFilterChainDecorator$ObservationFilter.wrapFilter(ObservationFilterChainDecorator.java:241)
	at org.springframework.security.web.ObservationFilterChainDecorator$ObservationFilter.doFilter(ObservationFilterChainDecorator.java:228)
	at org.springframework.security.web.ObservationFilterChainDecorator$VirtualFilterChain.doFilter(ObservationFilterChainDecorator.java:138)
	at org.springframework.security.web.context.SecurityContextHolderFilter.doFilter(SecurityContextHolderFilter.java:82)
	at org.springframework.security.web.context.SecurityContextHolderFilter.doFilter(SecurityContextHolderFilter.java:69)
	at org.springframework.security.web.ObservationFilterChainDecorator$ObservationFilter.wrapFilter(ObservationFilterChainDecorator.java:241)
	at org.springframework.security.web.ObservationFilterChainDecorator$ObservationFilter.doFilter(ObservationFilterChainDecorator.java:228)
	at org.springframework.security.web.ObservationFilterChainDecorator$VirtualFilterChain.doFilter(ObservationFilterChainDecorator.java:138)
	at org.springframework.security.web.context.request.async.WebAsyncManagerIntegrationFilter.doFilterInternal(WebAsyncManagerIntegrationFilter.java:62)
	at org.springframework.web.filter.OncePerRequestFilter.doFilter(OncePerRequestFilter.java:116)
	at org.springframework.security.web.ObservationFilterChainDecorator$ObservationFilter.wrapFilter(ObservationFilterChainDecorator.java:241)
	at org.springframework.security.web.ObservationFilterChainDecorator$ObservationFilter.doFilter(ObservationFilterChainDecorator.java:228)
	at org.springframework.security.web.ObservationFilterChainDecorator$VirtualFilterChain.doFilter(ObservationFilterChainDecorator.java:138)
	at org.springframework.security.web.session.DisableEncodeUrlFilter.doFilterInternal(DisableEncodeUrlFilter.java:42)
	at org.springframework.web.filter.OncePerRequestFilter.doFilter(OncePerRequestFilter.java:116)
	at org.springframework.security.web.ObservationFilterChainDecorator$ObservationFilter.wrapFilter(ObservationFilterChainDecorator.java:241)
	at org.springframework.security.web.ObservationFilterChainDecorator$AroundFilterObservation$SimpleAroundFilterObservation.lambda$wrap$0(ObservationFilterChainDecorator.java:334)
	at org.springframework.security.web.ObservationFilterChainDecorator$ObservationFilter.doFilter(ObservationFilterChainDecorator.java:225)
	at org.springframework.security.web.ObservationFilterChainDecorator$VirtualFilterChain.doFilter(ObservationFilterChainDecorator.java:138)
	at org.springframework.security.web.FilterChainProxy.doFilterInternal(FilterChainProxy.java:233)
	at org.springframework.security.web.FilterChainProxy.doFilter(FilterChainProxy.java:191)
	at org.springframework.web.filter.CompositeFilter$VirtualFilterChain.doFilter(CompositeFilter.java:113)
	at org.springframework.web.filter.ServletRequestPathFilter.doFilter(ServletRequestPathFilter.java:52)
	at org.springframework.web.filter.CompositeFilter$VirtualFilterChain.doFilter(CompositeFilter.java:113)
	at org.springframework.web.filter.CompositeFilter.doFilter(CompositeFilter.java:74)
	at org.springframework.security.config.annotation.web.configuration.WebSecurityConfiguration$CompositeFilterChainProxy.doFilter(WebSecurityConfiguration.java:319)
	at org.springframework.web.filter.CompositeFilter$VirtualFilterChain.doFilter(CompositeFilter.java:113)
	at org.springframework.web.servlet.handler.HandlerMappingIntrospector.lambda$createCacheFilter$4(HandlerMappingIntrospector.java:267)
	at org.springframework.web.filter.CompositeFilter$VirtualFilterChain.doFilter(CompositeFilter.java:113)
	at org.springframework.web.filter.CompositeFilter.doFilter(CompositeFilter.java:74)
	at org.springframework.security.config.annotation.web.configuration.WebMvcSecurityConfiguration$CompositeFilterChainProxy.doFilter(WebMvcSecurityConfiguration.java:240)
	at org.springframework.web.filter.DelegatingFilterProxy.invokeDelegate(DelegatingFilterProxy.java:362)
	at org.springframework.web.filter.DelegatingFilterProxy.doFilter(DelegatingFilterProxy.java:278)
	at org.apache.catalina.core.ApplicationFilterChain.internalDoFilter(ApplicationFilterChain.java:162)
	at org.apache.catalina.core.ApplicationFilterChain.doFilter(ApplicationFilterChain.java:138)
	at org.springframework.web.filter.RequestContextFilter.doFilterInternal(RequestContextFilter.java:100)
	at org.springframework.web.filter.OncePerRequestFilter.doFilter(OncePerRequestFilter.java:116)
	at org.apache.catalina.core.ApplicationFilterChain.internalDoFilter(ApplicationFilterChain.java:162)
	at org.apache.catalina.core.ApplicationFilterChain.doFilter(ApplicationFilterChain.java:138)
	at org.springframework.web.filter.FormContentFilter.doFilterInternal(FormContentFilter.java:93)
	at org.springframework.web.filter.OncePerRequestFilter.doFilter(OncePerRequestFilter.java:116)
	at org.apache.catalina.core.ApplicationFilterChain.internalDoFilter(ApplicationFilterChain.java:162)
	at org.apache.catalina.core.ApplicationFilterChain.doFilter(ApplicationFilterChain.java:138)
	at org.springframework.web.filter.ServerHttpObservationFilter.doFilterInternal(ServerHttpObservationFilter.java:110)
	at org.springframework.web.filter.OncePerRequestFilter.doFilter(OncePerRequestFilter.java:116)
	at org.apache.catalina.core.ApplicationFilterChain.internalDoFilter(ApplicationFilterChain.java:162)
	at org.apache.catalina.core.ApplicationFilterChain.doFilter(ApplicationFilterChain.java:138)
	at org.springframework.web.filter.CharacterEncodingFilter.doFilterInternal(CharacterEncodingFilter.java:201)
	at org.springframework.web.filter.OncePerRequestFilter.doFilter(OncePerRequestFilter.java:116)
	at org.apache.catalina.core.ApplicationFilterChain.internalDoFilter(ApplicationFilterChain.java:162)
	at org.apache.catalina.core.ApplicationFilterChain.doFilter(ApplicationFilterChain.java:138)
	at org.apache.catalina.core.StandardWrapperValve.invoke(StandardWrapperValve.java:165)
	at org.apache.catalina.core.StandardContextValve.invoke(StandardContextValve.java:88)
	at org.apache.catalina.authenticator.AuthenticatorBase.invoke(AuthenticatorBase.java:482)
	at org.apache.catalina.core.StandardHostValve.invoke(StandardHostValve.java:113)
	at org.apache.catalina.valves.ErrorReportValve.invoke(ErrorReportValve.java:83)
	at org.apache.catalina.core.StandardEngineValve.invoke(StandardEngineValve.java:72)
	at org.apache.catalina.connector.CoyoteAdapter.service(CoyoteAdapter.java:342)
	at org.apache.coyote.http11.Http11Processor.service(Http11Processor.java:399)
	at org.apache.coyote.AbstractProcessorLight.process(AbstractProcessorLight.java:63)
	at org.apache.coyote.AbstractProtocol$ConnectionHandler.process(AbstractProtocol.java:903)
	at org.apache.tomcat.util.net.NioEndpoint$SocketProcessor.doRun(NioEndpoint.java:1774)
	at org.apache.tomcat.util.net.SocketProcessorBase.run(SocketProcessorBase.java:52)
	at org.apache.tomcat.util.threads.ThreadPoolExecutor.runWorker(ThreadPoolExecutor.java:973)
	at org.apache.tomcat.util.threads.ThreadPoolExecutor$Worker.run(ThreadPoolExecutor.java:491)
	at org.apache.tomcat.util.threads.TaskThread$WrappingRunnable.run(TaskThread.java:63)
	at java.base/java.lang.Thread.run(Thread.java:840)
26-06-02 17:25:06.638 [http-nio-8080-exec-1] TRACE o.s.s.w.h.writers.HstsHeaderWriter - Not injecting HSTS header since it did not match request to [Is Secure]
26-06-02 17:30:46.440 [SpringApplicationShutdownHook] INFO  o.s.b.w.e.tomcat.GracefulShutdown - Commencing graceful shutdown. Waiting for active requests to complete
26-06-02 17:30:46.489 [tomcat-shutdown] INFO  o.s.b.w.e.tomcat.GracefulShutdown - Graceful shutdown complete
26-06-02 17:30:46.508 [SpringApplicationShutdownHook] INFO  o.s.o.j.LocalContainerEntityManagerFactoryBean - Closing JPA EntityManagerFactory for persistence unit 'default'
26-06-02 17:30:46.521 [SpringApplicationShutdownHook] INFO  com.zaxxer.hikari.HikariDataSource - HikariPool-1 - Shutdown initiated...
26-06-02 17:30:46.528 [SpringApplicationShutdownHook] INFO  com.zaxxer.hikari.HikariDataSource - HikariPool-1 - Shutdown completed.
26-06-02 18:22:59.367 [background-preinit] INFO  o.h.validator.internal.util.Version - HV000001: Hibernate Validator 8.0.3.Final
26-06-02 18:22:59.431 [main] INFO  c.s.m.discodeit.DiscodeitApplication - Starting DiscodeitApplication using Java 17.0.17 with PID 7756 (C:\Users\dev\IdeaProjects\pro\9-sprint-mission\discodeit\build\classes\java\main started by dev in C:\Users\dev\IdeaProjects\pro\9-sprint-mission\discodeit)
26-06-02 18:22:59.432 [main] INFO  c.s.m.discodeit.DiscodeitApplication - The following 1 profile is active: "dev"
26-06-02 18:23:00.890 [main] INFO  o.s.d.r.c.RepositoryConfigurationDelegate - Bootstrapping Spring Data JPA repositories in DEFAULT mode.
26-06-02 18:23:01.009 [main] INFO  o.s.d.r.c.RepositoryConfigurationDelegate - Finished Spring Data repository scanning in 106 ms. Found 6 JPA repository interfaces.
26-06-02 18:23:02.172 [main] INFO  o.s.b.w.e.tomcat.TomcatWebServer - Tomcat initialized with port 8080 (http)
26-06-02 18:23:02.189 [main] INFO  o.a.coyote.http11.Http11NioProtocol - Initializing ProtocolHandler ["http-nio-8080"]
26-06-02 18:23:02.191 [main] INFO  o.a.catalina.core.StandardService - Starting service [Tomcat]
26-06-02 18:23:02.192 [main] INFO  o.a.catalina.core.StandardEngine - Starting Servlet engine: [Apache Tomcat/10.1.50]
26-06-02 18:23:02.285 [main] INFO  o.a.c.c.C.[Tomcat].[localhost].[/] - Initializing Spring embedded WebApplicationContext
26-06-02 18:23:02.286 [main] INFO  o.s.b.w.s.c.ServletWebServerApplicationContext - Root WebApplicationContext: initialization completed in 2807 ms
26-06-02 18:23:02.692 [main] INFO  com.zaxxer.hikari.HikariDataSource - HikariPool-1 - Starting...
26-06-02 18:23:02.893 [main] INFO  com.zaxxer.hikari.pool.HikariPool - HikariPool-1 - Added connection org.postgresql.jdbc.PgConnection@36453773
26-06-02 18:23:02.895 [main] INFO  com.zaxxer.hikari.HikariDataSource - HikariPool-1 - Start completed.
26-06-02 18:23:03.027 [main] INFO  o.h.jpa.internal.util.LogHelper - HHH000204: Processing PersistenceUnitInfo [name: default]
26-06-02 18:23:03.124 [main] INFO  org.hibernate.Version - HHH000412: Hibernate ORM core version 6.6.41.Final
26-06-02 18:23:03.182 [main] INFO  o.h.c.i.RegionFactoryInitiator - HHH000026: Second-level cache disabled
26-06-02 18:23:03.672 [main] INFO  o.s.o.j.p.SpringPersistenceUnitInfo - No LoadTimeWeaver setup: ignoring JPA class transformer
26-06-02 18:23:03.751 [main] WARN  org.hibernate.orm.deprecation - HHH90000025: PostgreSQLDialect does not need to be specified explicitly using 'hibernate.dialect' (remove the property setting and it will be selected by default)
26-06-02 18:23:03.773 [main] INFO  o.hibernate.orm.connections.pooling - HHH10001005: Database info:
	Database JDBC URL [Connecting through datasource 'HikariDataSource (HikariPool-1)']
	Database driver: undefined/unknown
	Database version: 17.8
	Autocommit mode: undefined/unknown
	Isolation level: undefined/unknown
	Minimum pool size: undefined/unknown
	Maximum pool size: undefined/unknown
26-06-02 18:23:05.195 [main] INFO  o.h.e.t.j.p.i.JtaPlatformInitiator - HHH000489: No JTA platform available (set 'hibernate.transaction.jta.platform' to enable JTA platform integration)
26-06-02 18:23:05.370 [main] INFO  o.s.o.j.LocalContainerEntityManagerFactoryBean - Initialized JPA EntityManagerFactory for persistence unit 'default'
26-06-02 18:23:06.195 [main] DEBUG o.s.s.a.h.RoleHierarchyImpl - buildRolesReachableInOneStepMap() - From role ROLE_ADMIN one can reach role ROLE_CHANNEL_MANAGER in one step.
26-06-02 18:23:06.195 [main] DEBUG o.s.s.a.h.RoleHierarchyImpl - buildRolesReachableInOneStepMap() - From role ROLE_CHANNEL_MANAGER one can reach role ROLE_USER in one step.
26-06-02 18:23:06.195 [main] DEBUG o.s.s.a.h.RoleHierarchyImpl - buildRolesReachableInOneOrMoreStepsMap() - From role ROLE_ADMIN one can reach [ROLE_USER, ROLE_CHANNEL_MANAGER] in one or more steps.
26-06-02 18:23:06.196 [main] DEBUG o.s.s.a.h.RoleHierarchyImpl - buildRolesReachableInOneOrMoreStepsMap() - From role ROLE_CHANNEL_MANAGER one can reach [ROLE_USER] in one or more steps.
26-06-02 18:23:06.295 [main] INFO  o.s.d.j.r.query.QueryEnhancerFactory - Hibernate is in classpath; If applicable, HQL parser will be used.
26-06-02 18:23:07.338 [main] WARN  o.s.b.a.o.j.JpaBaseConfiguration$JpaWebConfiguration - spring.jpa.open-in-view is enabled by default. Therefore, database queries may be performed during view rendering. Explicitly configure spring.jpa.open-in-view to disable this warning
26-06-02 18:23:07.426 [main] INFO  o.s.b.a.w.s.WelcomePageHandlerMapping - Adding welcome page: class path resource [static/index.html]
26-06-02 18:23:08.114 [main] INFO  o.s.b.a.e.web.EndpointLinksResolver - Exposing 5 endpoints beneath base path '/actuator'
26-06-02 18:23:08.287 [main] TRACE o.s.s.c.a.a.c.AuthenticationConfiguration$EnableGlobalAuthenticationAutowiredConfigurer - Eagerly initializing {securityConfig=com.sprint.mission.discodeit.config.SecurityConfig$$SpringCGLIB$$0@577e2b91}
26-06-02 18:23:08.296 [main] INFO  o.s.s.c.a.a.c.InitializeUserDetailsBeanManagerConfigurer$InitializeUserDetailsManagerConfigurer - Global AuthenticationManager configured with UserDetailsService bean with name discodeitUserDetailsService
26-06-02 18:23:08.562 [main] DEBUG o.s.s.web.DefaultSecurityFilterChain - Will secure any request with filters: DisableEncodeUrlFilter, WebAsyncManagerIntegrationFilter, SecurityContextHolderFilter, HeaderWriterFilter, CsrfFilter, LogoutFilter, JwtAuthenticationFilter, UsernamePasswordAuthenticationFilter, RequestCacheAwareFilter, SecurityContextHolderAwareRequestFilter, AnonymousAuthenticationFilter, SessionManagementFilter, ExceptionTranslationFilter, AuthorizationFilter
26-06-02 18:23:09.715 [main] INFO  o.a.coyote.http11.Http11NioProtocol - Starting ProtocolHandler ["http-nio-8080"]
26-06-02 18:23:09.733 [main] INFO  o.s.b.w.e.tomcat.TomcatWebServer - Tomcat started on port 8080 (http) with context path '/'
26-06-02 18:23:09.754 [main] INFO  c.s.m.discodeit.DiscodeitApplication - Started DiscodeitApplication in 11.092 seconds (process running for 11.811)
26-06-02 18:23:09.832 [main] DEBUG org.hibernate.SQL - 
    select
        u1_0.id,
        u1_0.created_at,
        u1_0.email,
        u1_0.password,
        u1_0.profile_id,
        u1_0.role,
        u1_0.updated_at,
        u1_0.username 
    from
        users u1_0
26-06-02 18:23:10.514 [RMI TCP Connection(3)-121.190.184.84] INFO  o.a.c.c.C.[Tomcat].[localhost].[/] - Initializing Spring DispatcherServlet 'dispatcherServlet'
26-06-02 18:23:10.514 [RMI TCP Connection(3)-121.190.184.84] INFO  o.s.web.servlet.DispatcherServlet - Initializing Servlet 'dispatcherServlet'
26-06-02 18:23:10.517 [RMI TCP Connection(3)-121.190.184.84] INFO  o.s.web.servlet.DispatcherServlet - Completed initialization in 2 ms
26-06-02 18:23:27.072 [http-nio-8080-exec-1] TRACE o.s.security.web.FilterChainProxy - Trying to match request against DefaultSecurityFilterChain defined as 'filterChain' in [class path resource [com/sprint/mission/discodeit/config/SecurityConfig.class]] matching [any request] and having filters [DisableEncodeUrl, WebAsyncManagerIntegration, SecurityContextHolder, HeaderWriter, Csrf, Logout, JwtAuthentication, UsernamePasswordAuthentication, RequestCacheAware, SecurityContextHolderAwareRequest, AnonymousAuthentication, SessionManagement, ExceptionTranslation, Authorization] (1/1)
26-06-02 18:23:27.073 [http-nio-8080-exec-1] DEBUG o.s.security.web.FilterChainProxy - Securing PUT /api/auth
26-06-02 18:23:27.075 [http-nio-8080-exec-1] TRACE o.s.security.web.FilterChainProxy - Invoking DisableEncodeUrlFilter (1/14)
26-06-02 18:23:27.079 [http-nio-8080-exec-1] TRACE o.s.security.web.FilterChainProxy - Invoking WebAsyncManagerIntegrationFilter (2/14)
26-06-02 18:23:27.082 [http-nio-8080-exec-1] TRACE o.s.security.web.FilterChainProxy - Invoking SecurityContextHolderFilter (3/14)
26-06-02 18:23:27.084 [http-nio-8080-exec-1] TRACE o.s.security.web.FilterChainProxy - Invoking HeaderWriterFilter (4/14)
26-06-02 18:23:27.087 [http-nio-8080-exec-1] TRACE o.s.security.web.FilterChainProxy - Invoking CsrfFilter (5/14)
26-06-02 18:23:27.088 [http-nio-8080-exec-1] TRACE o.s.s.w.c.CsrfTokenRequestAttributeHandler - Wrote a CSRF token to the following request attributes: [_csrf, org.springframework.security.web.csrf.CsrfToken]
26-06-02 18:23:27.091 [http-nio-8080-exec-1] TRACE o.s.s.w.csrf.CsrfTokenRequestHandler - Did not find a CSRF token in the [X-XSRF-TOKEN] request header
26-06-02 18:23:27.091 [http-nio-8080-exec-1] TRACE o.s.s.w.csrf.CsrfTokenRequestHandler - Did not find a CSRF token in the [_csrf] request parameter
26-06-02 18:23:27.092 [http-nio-8080-exec-1] DEBUG o.s.security.web.csrf.CsrfFilter - Invalid CSRF token found for http://localhost:8080/api/auth
26-06-02 18:23:27.105 [http-nio-8080-exec-1] TRACE o.s.s.w.h.writers.HstsHeaderWriter - Not injecting HSTS header since it did not match request to [Is Secure]
26-06-02 18:24:52.207 [SpringApplicationShutdownHook] INFO  o.s.b.w.e.tomcat.GracefulShutdown - Commencing graceful shutdown. Waiting for active requests to complete
26-06-02 18:24:52.258 [tomcat-shutdown] INFO  o.s.b.w.e.tomcat.GracefulShutdown - Graceful shutdown complete
26-06-02 18:24:52.267 [SpringApplicationShutdownHook] INFO  o.s.o.j.LocalContainerEntityManagerFactoryBean - Closing JPA EntityManagerFactory for persistence unit 'default'
26-06-02 18:24:52.270 [SpringApplicationShutdownHook] INFO  com.zaxxer.hikari.HikariDataSource - HikariPool-1 - Shutdown initiated...
26-06-02 18:24:52.273 [SpringApplicationShutdownHook] INFO  com.zaxxer.hikari.HikariDataSource - HikariPool-1 - Shutdown completed.
